
*** Running vivado
    with args -log dma_config_fir_wrapper.vds -m64 -product Vivado -mode batch -messageDb vivado.pb -notrace -source dma_config_fir_wrapper.tcl



****** Vivado v2022.2 (64-bit)
  **** SW Build 3671981 on Fri Oct 14 05:00:03 MDT 2022
  **** IP Build 3669848 on Fri Oct 14 08:30:02 MDT 2022
    ** Copyright 1986-2022 Xilinx, Inc. All Rights Reserved.

source dma_config_fir_wrapper.tcl -notrace
create_project: Time (s): cpu = 00:00:04 ; elapsed = 00:00:05 . Memory (MB): peak = 376.984 ; gain = 62.215
INFO: [IP_Flow 19-234] Refreshing IP repositories
INFO: [IP_Flow 19-1704] No user IP repositories specified
INFO: [IP_Flow 19-2313] Loaded Vivado IP repository 'D:/Xilinx/Vivado/2022.2/data/ip'.
add_files: Time (s): cpu = 00:00:05 ; elapsed = 00:00:09 . Memory (MB): peak = 451.023 ; gain = 73.777
Command: read_checkpoint -auto_incremental -incremental {D:/FPGA/Vivaldo Project/kr260_experiments/11_dma_config_fir4_coe/11_dma_config_fir4_coe.srcs/utils_1/imports/synth_1/axis_fir4_configurable.dcp}
INFO: [Vivado 12-5825] Read reference checkpoint from D:/FPGA/Vivaldo Project/kr260_experiments/11_dma_config_fir4_coe/11_dma_config_fir4_coe.srcs/utils_1/imports/synth_1/axis_fir4_configurable.dcp for incremental synthesis
INFO: [Vivado 12-7989] Please ensure there are no constraint changes
Command: synth_design -top dma_config_fir_wrapper -part xck26-sfvc784-2LV-c
Starting synth_design
Attempting to get a license for feature 'Synthesis' and/or device 'xck26'
INFO: [Common 17-349] Got license for feature 'Synthesis' and/or device 'xck26'
INFO: [Device 21-403] Loading part xck26-sfvc784-2LV-c
INFO: [Synth 8-7079] Multithreading enabled for synth_design using a maximum of 2 processes.
INFO: [Synth 8-7078] Launching helper process for spawning children vivado processes
INFO: [Synth 8-7075] Helper process launched with PID 90684
INFO: [Synth 8-11241] undeclared symbol 'REGCCE', assumed default net type 'wire' [D:/Xilinx/Vivado/2022.2/data/verilog/src/unimacro/BRAM_SINGLE_MACRO.v:2170]
---------------------------------------------------------------------------------
Starting RTL Elaboration : Time (s): cpu = 00:00:05 ; elapsed = 00:00:05 . Memory (MB): peak = 1806.934 ; gain = 332.863
---------------------------------------------------------------------------------
INFO: [Synth 8-6157] synthesizing module 'dma_config_fir_wrapper' [d:/FPGA/Vivaldo Project/kr260_experiments/11_dma_config_fir4_coe/11_axis_dma_configurable_fir4_coefficients.gen/sources_1/bd/dma_config_fir/hdl/dma_config_fir_wrapper.v:12]
INFO: [Synth 8-6157] synthesizing module 'dma_config_fir' [d:/FPGA/Vivaldo Project/kr260_experiments/11_dma_config_fir4_coe/11_axis_dma_configurable_fir4_coefficients.gen/sources_1/bd/dma_config_fir/synth/dma_config_fir.v:12]
INFO: [Synth 8-6157] synthesizing module 'dma_config_fir_axi_bram_ctrl_0_0' [D:/FPGA/Vivaldo Project/kr260_experiments/11_dma_config_fir4_coe/11_dma_config_fir4_coe.runs/synth_1/.Xil/Vivado-992-LAPTOP-CHCSI1R5/realtime/dma_config_fir_axi_bram_ctrl_0_0_stub.v:5]
INFO: [Synth 8-6155] done synthesizing module 'dma_config_fir_axi_bram_ctrl_0_0' (0#1) [D:/FPGA/Vivaldo Project/kr260_experiments/11_dma_config_fir4_coe/11_dma_config_fir4_coe.runs/synth_1/.Xil/Vivado-992-LAPTOP-CHCSI1R5/realtime/dma_config_fir_axi_bram_ctrl_0_0_stub.v:5]
INFO: [Synth 8-6157] synthesizing module 'dma_config_fir_axi_dma_0_0' [D:/FPGA/Vivaldo Project/kr260_experiments/11_dma_config_fir4_coe/11_dma_config_fir4_coe.runs/synth_1/.Xil/Vivado-992-LAPTOP-CHCSI1R5/realtime/dma_config_fir_axi_dma_0_0_stub.v:5]
INFO: [Synth 8-6155] done synthesizing module 'dma_config_fir_axi_dma_0_0' (0#1) [D:/FPGA/Vivaldo Project/kr260_experiments/11_dma_config_fir4_coe/11_dma_config_fir4_coe.runs/synth_1/.Xil/Vivado-992-LAPTOP-CHCSI1R5/realtime/dma_config_fir_axi_dma_0_0_stub.v:5]
WARNING: [Synth 8-7071] port 'mm2s_prmry_reset_out_n' of module 'dma_config_fir_axi_dma_0_0' is unconnected for instance 'axi_dma_0' [d:/FPGA/Vivaldo Project/kr260_experiments/11_dma_config_fir4_coe/11_axis_dma_configurable_fir4_coefficients.gen/sources_1/bd/dma_config_fir/synth/dma_config_fir.v:212]
WARNING: [Synth 8-7071] port 's2mm_prmry_reset_out_n' of module 'dma_config_fir_axi_dma_0_0' is unconnected for instance 'axi_dma_0' [d:/FPGA/Vivaldo Project/kr260_experiments/11_dma_config_fir4_coe/11_axis_dma_configurable_fir4_coefficients.gen/sources_1/bd/dma_config_fir/synth/dma_config_fir.v:212]
WARNING: [Synth 8-7071] port 'mm2s_introut' of module 'dma_config_fir_axi_dma_0_0' is unconnected for instance 'axi_dma_0' [d:/FPGA/Vivaldo Project/kr260_experiments/11_dma_config_fir4_coe/11_axis_dma_configurable_fir4_coefficients.gen/sources_1/bd/dma_config_fir/synth/dma_config_fir.v:212]
WARNING: [Synth 8-7071] port 's2mm_introut' of module 'dma_config_fir_axi_dma_0_0' is unconnected for instance 'axi_dma_0' [d:/FPGA/Vivaldo Project/kr260_experiments/11_dma_config_fir4_coe/11_axis_dma_configurable_fir4_coefficients.gen/sources_1/bd/dma_config_fir/synth/dma_config_fir.v:212]
WARNING: [Synth 8-7071] port 'axi_dma_tstvec' of module 'dma_config_fir_axi_dma_0_0' is unconnected for instance 'axi_dma_0' [d:/FPGA/Vivaldo Project/kr260_experiments/11_dma_config_fir4_coe/11_axis_dma_configurable_fir4_coefficients.gen/sources_1/bd/dma_config_fir/synth/dma_config_fir.v:212]
WARNING: [Synth 8-7023] instance 'axi_dma_0' of module 'dma_config_fir_axi_dma_0_0' has 64 connections declared, but only 59 given [d:/FPGA/Vivaldo Project/kr260_experiments/11_dma_config_fir4_coe/11_axis_dma_configurable_fir4_coefficients.gen/sources_1/bd/dma_config_fir/synth/dma_config_fir.v:212]
INFO: [Synth 8-6157] synthesizing module 'dma_config_fir_axi_gpio_0_0' [D:/FPGA/Vivaldo Project/kr260_experiments/11_dma_config_fir4_coe/11_dma_config_fir4_coe.runs/synth_1/.Xil/Vivado-992-LAPTOP-CHCSI1R5/realtime/dma_config_fir_axi_gpio_0_0_stub.v:5]
INFO: [Synth 8-6155] done synthesizing module 'dma_config_fir_axi_gpio_0_0' (0#1) [D:/FPGA/Vivaldo Project/kr260_experiments/11_dma_config_fir4_coe/11_dma_config_fir4_coe.runs/synth_1/.Xil/Vivado-992-LAPTOP-CHCSI1R5/realtime/dma_config_fir_axi_gpio_0_0_stub.v:5]
INFO: [Synth 8-6157] synthesizing module 'dma_config_fir_axis_fir4_configurab_0_0' [D:/FPGA/Vivaldo Project/kr260_experiments/11_dma_config_fir4_coe/11_dma_config_fir4_coe.runs/synth_1/.Xil/Vivado-992-LAPTOP-CHCSI1R5/realtime/dma_config_fir_axis_fir4_configurab_0_0_stub.v:5]
INFO: [Synth 8-6155] done synthesizing module 'dma_config_fir_axis_fir4_configurab_0_0' (0#1) [D:/FPGA/Vivaldo Project/kr260_experiments/11_dma_config_fir4_coe/11_dma_config_fir4_coe.runs/synth_1/.Xil/Vivado-992-LAPTOP-CHCSI1R5/realtime/dma_config_fir_axis_fir4_configurab_0_0_stub.v:5]
INFO: [Synth 8-6157] synthesizing module 'dma_config_fir_blk_mem_gen_0_0' [D:/FPGA/Vivaldo Project/kr260_experiments/11_dma_config_fir4_coe/11_dma_config_fir4_coe.runs/synth_1/.Xil/Vivado-992-LAPTOP-CHCSI1R5/realtime/dma_config_fir_blk_mem_gen_0_0_stub.v:5]
INFO: [Synth 8-6155] done synthesizing module 'dma_config_fir_blk_mem_gen_0_0' (0#1) [D:/FPGA/Vivaldo Project/kr260_experiments/11_dma_config_fir4_coe/11_dma_config_fir4_coe.runs/synth_1/.Xil/Vivado-992-LAPTOP-CHCSI1R5/realtime/dma_config_fir_blk_mem_gen_0_0_stub.v:5]
WARNING: [Synth 8-7071] port 'rsta_busy' of module 'dma_config_fir_blk_mem_gen_0_0' is unconnected for instance 'blk_mem_gen_0' [d:/FPGA/Vivaldo Project/kr260_experiments/11_dma_config_fir4_coe/11_axis_dma_configurable_fir4_coefficients.gen/sources_1/bd/dma_config_fir/synth/dma_config_fir.v:309]
WARNING: [Synth 8-7023] instance 'blk_mem_gen_0' of module 'dma_config_fir_blk_mem_gen_0_0' has 8 connections declared, but only 7 given [d:/FPGA/Vivaldo Project/kr260_experiments/11_dma_config_fir4_coe/11_axis_dma_configurable_fir4_coefficients.gen/sources_1/bd/dma_config_fir/synth/dma_config_fir.v:309]
INFO: [Synth 8-6157] synthesizing module 'dma_config_fir_proc_sys_reset_0_0' [D:/FPGA/Vivaldo Project/kr260_experiments/11_dma_config_fir4_coe/11_dma_config_fir4_coe.runs/synth_1/.Xil/Vivado-992-LAPTOP-CHCSI1R5/realtime/dma_config_fir_proc_sys_reset_0_0_stub.v:5]
INFO: [Synth 8-6155] done synthesizing module 'dma_config_fir_proc_sys_reset_0_0' (0#1) [D:/FPGA/Vivaldo Project/kr260_experiments/11_dma_config_fir4_coe/11_dma_config_fir4_coe.runs/synth_1/.Xil/Vivado-992-LAPTOP-CHCSI1R5/realtime/dma_config_fir_proc_sys_reset_0_0_stub.v:5]
WARNING: [Synth 8-7071] port 'mb_reset' of module 'dma_config_fir_proc_sys_reset_0_0' is unconnected for instance 'proc_sys_reset_0' [d:/FPGA/Vivaldo Project/kr260_experiments/11_dma_config_fir4_coe/11_axis_dma_configurable_fir4_coefficients.gen/sources_1/bd/dma_config_fir/synth/dma_config_fir.v:317]
WARNING: [Synth 8-7071] port 'bus_struct_reset' of module 'dma_config_fir_proc_sys_reset_0_0' is unconnected for instance 'proc_sys_reset_0' [d:/FPGA/Vivaldo Project/kr260_experiments/11_dma_config_fir4_coe/11_axis_dma_configurable_fir4_coefficients.gen/sources_1/bd/dma_config_fir/synth/dma_config_fir.v:317]
WARNING: [Synth 8-7071] port 'peripheral_reset' of module 'dma_config_fir_proc_sys_reset_0_0' is unconnected for instance 'proc_sys_reset_0' [d:/FPGA/Vivaldo Project/kr260_experiments/11_dma_config_fir4_coe/11_axis_dma_configurable_fir4_coefficients.gen/sources_1/bd/dma_config_fir/synth/dma_config_fir.v:317]
WARNING: [Synth 8-7071] port 'interconnect_aresetn' of module 'dma_config_fir_proc_sys_reset_0_0' is unconnected for instance 'proc_sys_reset_0' [d:/FPGA/Vivaldo Project/kr260_experiments/11_dma_config_fir4_coe/11_axis_dma_configurable_fir4_coefficients.gen/sources_1/bd/dma_config_fir/synth/dma_config_fir.v:317]
WARNING: [Synth 8-7023] instance 'proc_sys_reset_0' of module 'dma_config_fir_proc_sys_reset_0_0' has 10 connections declared, but only 6 given [d:/FPGA/Vivaldo Project/kr260_experiments/11_dma_config_fir4_coe/11_axis_dma_configurable_fir4_coefficients.gen/sources_1/bd/dma_config_fir/synth/dma_config_fir.v:317]
INFO: [Synth 8-6157] synthesizing module 'dma_config_fir_smartconnect_0_0' [D:/FPGA/Vivaldo Project/kr260_experiments/11_dma_config_fir4_coe/11_dma_config_fir4_coe.runs/synth_1/.Xil/Vivado-992-LAPTOP-CHCSI1R5/realtime/dma_config_fir_smartconnect_0_0_stub.v:5]
INFO: [Synth 8-6155] done synthesizing module 'dma_config_fir_smartconnect_0_0' (0#1) [D:/FPGA/Vivaldo Project/kr260_experiments/11_dma_config_fir4_coe/11_dma_config_fir4_coe.runs/synth_1/.Xil/Vivado-992-LAPTOP-CHCSI1R5/realtime/dma_config_fir_smartconnect_0_0_stub.v:5]
WARNING: [Synth 8-7071] port 'M00_AXI_awqos' of module 'dma_config_fir_smartconnect_0_0' is unconnected for instance 'smartconnect_0' [d:/FPGA/Vivaldo Project/kr260_experiments/11_dma_config_fir4_coe/11_axis_dma_configurable_fir4_coefficients.gen/sources_1/bd/dma_config_fir/synth/dma_config_fir.v:324]
WARNING: [Synth 8-7071] port 'M00_AXI_awuser' of module 'dma_config_fir_smartconnect_0_0' is unconnected for instance 'smartconnect_0' [d:/FPGA/Vivaldo Project/kr260_experiments/11_dma_config_fir4_coe/11_axis_dma_configurable_fir4_coefficients.gen/sources_1/bd/dma_config_fir/synth/dma_config_fir.v:324]
WARNING: [Synth 8-7071] port 'M00_AXI_arqos' of module 'dma_config_fir_smartconnect_0_0' is unconnected for instance 'smartconnect_0' [d:/FPGA/Vivaldo Project/kr260_experiments/11_dma_config_fir4_coe/11_axis_dma_configurable_fir4_coefficients.gen/sources_1/bd/dma_config_fir/synth/dma_config_fir.v:324]
WARNING: [Synth 8-7071] port 'M00_AXI_aruser' of module 'dma_config_fir_smartconnect_0_0' is unconnected for instance 'smartconnect_0' [d:/FPGA/Vivaldo Project/kr260_experiments/11_dma_config_fir4_coe/11_axis_dma_configurable_fir4_coefficients.gen/sources_1/bd/dma_config_fir/synth/dma_config_fir.v:324]
WARNING: [Synth 8-7071] port 'M01_AXI_awprot' of module 'dma_config_fir_smartconnect_0_0' is unconnected for instance 'smartconnect_0' [d:/FPGA/Vivaldo Project/kr260_experiments/11_dma_config_fir4_coe/11_axis_dma_configurable_fir4_coefficients.gen/sources_1/bd/dma_config_fir/synth/dma_config_fir.v:324]
WARNING: [Synth 8-7071] port 'M01_AXI_wstrb' of module 'dma_config_fir_smartconnect_0_0' is unconnected for instance 'smartconnect_0' [d:/FPGA/Vivaldo Project/kr260_experiments/11_dma_config_fir4_coe/11_axis_dma_configurable_fir4_coefficients.gen/sources_1/bd/dma_config_fir/synth/dma_config_fir.v:324]
WARNING: [Synth 8-7071] port 'M01_AXI_arprot' of module 'dma_config_fir_smartconnect_0_0' is unconnected for instance 'smartconnect_0' [d:/FPGA/Vivaldo Project/kr260_experiments/11_dma_config_fir4_coe/11_axis_dma_configurable_fir4_coefficients.gen/sources_1/bd/dma_config_fir/synth/dma_config_fir.v:324]
WARNING: [Synth 8-7071] port 'M02_AXI_awprot' of module 'dma_config_fir_smartconnect_0_0' is unconnected for instance 'smartconnect_0' [d:/FPGA/Vivaldo Project/kr260_experiments/11_dma_config_fir4_coe/11_axis_dma_configurable_fir4_coefficients.gen/sources_1/bd/dma_config_fir/synth/dma_config_fir.v:324]
WARNING: [Synth 8-7071] port 'M02_AXI_arprot' of module 'dma_config_fir_smartconnect_0_0' is unconnected for instance 'smartconnect_0' [d:/FPGA/Vivaldo Project/kr260_experiments/11_dma_config_fir4_coe/11_axis_dma_configurable_fir4_coefficients.gen/sources_1/bd/dma_config_fir/synth/dma_config_fir.v:324]
WARNING: [Synth 8-7023] instance 'smartconnect_0' of module 'dma_config_fir_smartconnect_0_0' has 147 connections declared, but only 138 given [d:/FPGA/Vivaldo Project/kr260_experiments/11_dma_config_fir4_coe/11_axis_dma_configurable_fir4_coefficients.gen/sources_1/bd/dma_config_fir/synth/dma_config_fir.v:324]
INFO: [Synth 8-6157] synthesizing module 'dma_config_fir_zynq_ultra_ps_e_0_0' [D:/FPGA/Vivaldo Project/kr260_experiments/11_dma_config_fir4_coe/11_dma_config_fir4_coe.runs/synth_1/.Xil/Vivado-992-LAPTOP-CHCSI1R5/realtime/dma_config_fir_zynq_ultra_ps_e_0_0_stub.v:5]
INFO: [Synth 8-6155] done synthesizing module 'dma_config_fir_zynq_ultra_ps_e_0_0' (0#1) [D:/FPGA/Vivaldo Project/kr260_experiments/11_dma_config_fir4_coe/11_dma_config_fir4_coe.runs/synth_1/.Xil/Vivado-992-LAPTOP-CHCSI1R5/realtime/dma_config_fir_zynq_ultra_ps_e_0_0_stub.v:5]
INFO: [Synth 8-6155] done synthesizing module 'dma_config_fir' (0#1) [d:/FPGA/Vivaldo Project/kr260_experiments/11_dma_config_fir4_coe/11_axis_dma_configurable_fir4_coefficients.gen/sources_1/bd/dma_config_fir/synth/dma_config_fir.v:12]
INFO: [Synth 8-6155] done synthesizing module 'dma_config_fir_wrapper' (0#1) [d:/FPGA/Vivaldo Project/kr260_experiments/11_dma_config_fir4_coe/11_axis_dma_configurable_fir4_coefficients.gen/sources_1/bd/dma_config_fir/hdl/dma_config_fir_wrapper.v:12]
---------------------------------------------------------------------------------
Finished RTL Elaboration : Time (s): cpu = 00:00:07 ; elapsed = 00:00:07 . Memory (MB): peak = 1903.102 ; gain = 429.031
---------------------------------------------------------------------------------
---------------------------------------------------------------------------------
Start Handling Custom Attributes
---------------------------------------------------------------------------------
---------------------------------------------------------------------------------
Finished Handling Custom Attributes : Time (s): cpu = 00:00:07 ; elapsed = 00:00:07 . Memory (MB): peak = 1903.102 ; gain = 429.031
---------------------------------------------------------------------------------
---------------------------------------------------------------------------------
Finished RTL Optimization Phase 1 : Time (s): cpu = 00:00:07 ; elapsed = 00:00:07 . Memory (MB): peak = 1903.102 ; gain = 429.031
---------------------------------------------------------------------------------
Netlist sorting complete. Time (s): cpu = 00:00:00 ; elapsed = 00:00:00.016 . Memory (MB): peak = 1903.102 ; gain = 0.000
INFO: [Project 1-570] Preparing netlist for logic optimization

Processing XDC Constraints
Initializing timing engine
Parsing XDC File [d:/FPGA/Vivaldo Project/kr260_experiments/11_dma_config_fir4_coe/11_axis_dma_configurable_fir4_coefficients.gen/sources_1/bd/dma_config_fir/ip/dma_config_fir_axi_bram_ctrl_0_0/dma_config_fir_axi_bram_ctrl_0_0/dma_config_fir_axi_bram_ctrl_0_0_in_context.xdc] for cell 'dma_config_fir_i/axi_bram_ctrl_0'
Finished Parsing XDC File [d:/FPGA/Vivaldo Project/kr260_experiments/11_dma_config_fir4_coe/11_axis_dma_configurable_fir4_coefficients.gen/sources_1/bd/dma_config_fir/ip/dma_config_fir_axi_bram_ctrl_0_0/dma_config_fir_axi_bram_ctrl_0_0/dma_config_fir_axi_bram_ctrl_0_0_in_context.xdc] for cell 'dma_config_fir_i/axi_bram_ctrl_0'
Parsing XDC File [d:/FPGA/Vivaldo Project/kr260_experiments/11_dma_config_fir4_coe/11_axis_dma_configurable_fir4_coefficients.gen/sources_1/bd/dma_config_fir/ip/dma_config_fir_axi_dma_0_0/dma_config_fir_axi_dma_0_0/dma_config_fir_axi_dma_0_0_in_context.xdc] for cell 'dma_config_fir_i/axi_dma_0'
Finished Parsing XDC File [d:/FPGA/Vivaldo Project/kr260_experiments/11_dma_config_fir4_coe/11_axis_dma_configurable_fir4_coefficients.gen/sources_1/bd/dma_config_fir/ip/dma_config_fir_axi_dma_0_0/dma_config_fir_axi_dma_0_0/dma_config_fir_axi_dma_0_0_in_context.xdc] for cell 'dma_config_fir_i/axi_dma_0'
Parsing XDC File [d:/FPGA/Vivaldo Project/kr260_experiments/11_dma_config_fir4_coe/11_axis_dma_configurable_fir4_coefficients.gen/sources_1/bd/dma_config_fir/ip/dma_config_fir_axi_gpio_0_0/dma_config_fir_axi_gpio_0_0/dma_config_fir_axi_gpio_0_0_in_context.xdc] for cell 'dma_config_fir_i/axi_gpio_0'
Finished Parsing XDC File [d:/FPGA/Vivaldo Project/kr260_experiments/11_dma_config_fir4_coe/11_axis_dma_configurable_fir4_coefficients.gen/sources_1/bd/dma_config_fir/ip/dma_config_fir_axi_gpio_0_0/dma_config_fir_axi_gpio_0_0/dma_config_fir_axi_gpio_0_0_in_context.xdc] for cell 'dma_config_fir_i/axi_gpio_0'
Parsing XDC File [d:/FPGA/Vivaldo Project/kr260_experiments/11_dma_config_fir4_coe/11_axis_dma_configurable_fir4_coefficients.gen/sources_1/bd/dma_config_fir/ip/dma_config_fir_axis_fir4_configurab_0_0/dma_config_fir_axis_fir4_configurab_0_0/dma_config_fir_axis_fir4_configurab_0_0_in_context.xdc] for cell 'dma_config_fir_i/axis_fir4_configurab_0'
Finished Parsing XDC File [d:/FPGA/Vivaldo Project/kr260_experiments/11_dma_config_fir4_coe/11_axis_dma_configurable_fir4_coefficients.gen/sources_1/bd/dma_config_fir/ip/dma_config_fir_axis_fir4_configurab_0_0/dma_config_fir_axis_fir4_configurab_0_0/dma_config_fir_axis_fir4_configurab_0_0_in_context.xdc] for cell 'dma_config_fir_i/axis_fir4_configurab_0'
Parsing XDC File [d:/FPGA/Vivaldo Project/kr260_experiments/11_dma_config_fir4_coe/11_axis_dma_configurable_fir4_coefficients.gen/sources_1/bd/dma_config_fir/ip/dma_config_fir_blk_mem_gen_0_0/dma_config_fir_blk_mem_gen_0_0/dma_config_fir_blk_mem_gen_0_0_in_context.xdc] for cell 'dma_config_fir_i/blk_mem_gen_0'
Finished Parsing XDC File [d:/FPGA/Vivaldo Project/kr260_experiments/11_dma_config_fir4_coe/11_axis_dma_configurable_fir4_coefficients.gen/sources_1/bd/dma_config_fir/ip/dma_config_fir_blk_mem_gen_0_0/dma_config_fir_blk_mem_gen_0_0/dma_config_fir_blk_mem_gen_0_0_in_context.xdc] for cell 'dma_config_fir_i/blk_mem_gen_0'
Parsing XDC File [d:/FPGA/Vivaldo Project/kr260_experiments/11_dma_config_fir4_coe/11_axis_dma_configurable_fir4_coefficients.gen/sources_1/bd/dma_config_fir/ip/dma_config_fir_proc_sys_reset_0_0/dma_config_fir_proc_sys_reset_0_0/dma_config_fir_proc_sys_reset_0_0_in_context.xdc] for cell 'dma_config_fir_i/proc_sys_reset_0'
Finished Parsing XDC File [d:/FPGA/Vivaldo Project/kr260_experiments/11_dma_config_fir4_coe/11_axis_dma_configurable_fir4_coefficients.gen/sources_1/bd/dma_config_fir/ip/dma_config_fir_proc_sys_reset_0_0/dma_config_fir_proc_sys_reset_0_0/dma_config_fir_proc_sys_reset_0_0_in_context.xdc] for cell 'dma_config_fir_i/proc_sys_reset_0'
Parsing XDC File [d:/FPGA/Vivaldo Project/kr260_experiments/11_dma_config_fir4_coe/11_axis_dma_configurable_fir4_coefficients.gen/sources_1/bd/dma_config_fir/ip/dma_config_fir_smartconnect_0_0/dma_config_fir_smartconnect_0_0/dma_config_fir_smartconnect_0_0_in_context.xdc] for cell 'dma_config_fir_i/smartconnect_0'
Finished Parsing XDC File [d:/FPGA/Vivaldo Project/kr260_experiments/11_dma_config_fir4_coe/11_axis_dma_configurable_fir4_coefficients.gen/sources_1/bd/dma_config_fir/ip/dma_config_fir_smartconnect_0_0/dma_config_fir_smartconnect_0_0/dma_config_fir_smartconnect_0_0_in_context.xdc] for cell 'dma_config_fir_i/smartconnect_0'
Parsing XDC File [d:/FPGA/Vivaldo Project/kr260_experiments/11_dma_config_fir4_coe/11_axis_dma_configurable_fir4_coefficients.gen/sources_1/bd/dma_config_fir/ip/dma_config_fir_zynq_ultra_ps_e_0_0/dma_config_fir_zynq_ultra_ps_e_0_0/dma_config_fir_zynq_ultra_ps_e_0_0_in_context.xdc] for cell 'dma_config_fir_i/zynq_ultra_ps_e_0'
Finished Parsing XDC File [d:/FPGA/Vivaldo Project/kr260_experiments/11_dma_config_fir4_coe/11_axis_dma_configurable_fir4_coefficients.gen/sources_1/bd/dma_config_fir/ip/dma_config_fir_zynq_ultra_ps_e_0_0/dma_config_fir_zynq_ultra_ps_e_0_0/dma_config_fir_zynq_ultra_ps_e_0_0_in_context.xdc] for cell 'dma_config_fir_i/zynq_ultra_ps_e_0'
Parsing XDC File [D:/FPGA/Vivaldo Project/kr260_experiments/11_dma_config_fir4_coe/11_dma_config_fir4_coe.runs/synth_1/dont_touch.xdc]
Finished Parsing XDC File [D:/FPGA/Vivaldo Project/kr260_experiments/11_dma_config_fir4_coe/11_dma_config_fir4_coe.runs/synth_1/dont_touch.xdc]
Completed Processing XDC Constraints

Netlist sorting complete. Time (s): cpu = 00:00:00 ; elapsed = 00:00:00 . Memory (MB): peak = 1903.102 ; gain = 0.000
INFO: [Project 1-111] Unisim Transformation Summary:
No Unisim elements were transformed.

Constraint Validation Runtime : Time (s): cpu = 00:00:00 ; elapsed = 00:00:00.008 . Memory (MB): peak = 1903.102 ; gain = 0.000
WARNING: [Timing 38-316] Clock period '20.000' specified during out-of-context synthesis of instance 'dma_config_fir_i/blk_mem_gen_0' at clock pin 'clka' is different from the actual clock period '10.313', this can lead to different synthesis results.
INFO: [Synth 8-11241] undeclared symbol 'REGCCE', assumed default net type 'wire' [D:/Xilinx/Vivado/2022.2/data/verilog/src/unimacro/BRAM_SINGLE_MACRO.v:2170]
---------------------------------------------------------------------------------
Finished Constraint Validation : Time (s): cpu = 00:00:19 ; elapsed = 00:00:20 . Memory (MB): peak = 1907.430 ; gain = 433.359
---------------------------------------------------------------------------------
---------------------------------------------------------------------------------
Start Loading Part and Timing Information
---------------------------------------------------------------------------------
Loading part: xck26-sfvc784-2LV-c
INFO: [Synth 8-6742] Reading net delay rules and data
---------------------------------------------------------------------------------
Finished Loading Part and Timing Information : Time (s): cpu = 00:00:19 ; elapsed = 00:00:20 . Memory (MB): peak = 1908.426 ; gain = 434.355
---------------------------------------------------------------------------------
---------------------------------------------------------------------------------
Start Applying 'set_property' XDC Constraints
---------------------------------------------------------------------------------
Applied set_property KEEP_HIERARCHY = SOFT for dma_config_fir_i. (constraint file  auto generated constraint).
Applied set_property KEEP_HIERARCHY = SOFT for dma_config_fir_i/axi_bram_ctrl_0. (constraint file  auto generated constraint).
Applied set_property KEEP_HIERARCHY = SOFT for dma_config_fir_i/axi_dma_0. (constraint file  auto generated constraint).
Applied set_property KEEP_HIERARCHY = SOFT for dma_config_fir_i/axi_gpio_0. (constraint file  auto generated constraint).
Applied set_property KEEP_HIERARCHY = SOFT for dma_config_fir_i/axis_fir4_configurab_0. (constraint file  auto generated constraint).
Applied set_property KEEP_HIERARCHY = SOFT for dma_config_fir_i/blk_mem_gen_0. (constraint file  auto generated constraint).
Applied set_property KEEP_HIERARCHY = SOFT for dma_config_fir_i/proc_sys_reset_0. (constraint file  auto generated constraint).
Applied set_property KEEP_HIERARCHY = SOFT for dma_config_fir_i/smartconnect_0. (constraint file  auto generated constraint).
Applied set_property KEEP_HIERARCHY = SOFT for dma_config_fir_i/zynq_ultra_ps_e_0. (constraint file  auto generated constraint).
---------------------------------------------------------------------------------
Finished applying 'set_property' XDC Constraints : Time (s): cpu = 00:00:19 ; elapsed = 00:00:20 . Memory (MB): peak = 1908.434 ; gain = 434.363
---------------------------------------------------------------------------------
---------------------------------------------------------------------------------
Start Preparing Guide Design
---------------------------------------------------------------------------------
CRITICAL WARNING: [Synth 8-6895] The reference checkpoint D:/FPGA/Vivaldo Project/kr260_experiments/11_dma_config_fir4_coe/11_dma_config_fir4_coe.srcs/utils_1/imports/synth_1/axis_fir4_configurable.dcp is not suitable for use with incremental synthesis for this design. Please regenerate the checkpoint for this design with -incremental_synth switch in the same Vivado session that synth_design has been run. Synthesis will continue with the default flow
---------------------------------------------------------------------------------
Finished Doing Graph Differ : Time (s): cpu = 00:00:19 ; elapsed = 00:00:20 . Memory (MB): peak = 1908.434 ; gain = 434.363
---------------------------------------------------------------------------------
---------------------------------------------------------------------------------
Finished Preparing Guide Design : Time (s): cpu = 00:00:19 ; elapsed = 00:00:20 . Memory (MB): peak = 1908.434 ; gain = 434.363
---------------------------------------------------------------------------------
---------------------------------------------------------------------------------
Finished RTL Optimization Phase 2 : Time (s): cpu = 00:00:19 ; elapsed = 00:00:20 . Memory (MB): peak = 1908.434 ; gain = 434.363
---------------------------------------------------------------------------------


Incremental Synthesis Report Summary:

1. Incremental synthesis run: no

   Reason for not running incremental synthesis : 


INFO: [Synth 8-7130] Flow is switching to default flow due to incremental criteria not met. If you would like to alter this behaviour and have the flow terminate instead, please set the following parameter config_implementation {autoIncr.Synth.RejectBehavior Terminate}
---------------------------------------------------------------------------------
Start RTL Component Statistics 
---------------------------------------------------------------------------------
Detailed RTL Component Info : 
---------------------------------------------------------------------------------
Finished RTL Component Statistics 
---------------------------------------------------------------------------------
---------------------------------------------------------------------------------
Start Part Resource Summary
---------------------------------------------------------------------------------
Part Resources:
DSPs: 1248 (col length:96)
BRAMs: 288 (col length: RAMB18 96 RAMB36 48)
---------------------------------------------------------------------------------
Finished Part Resource Summary
---------------------------------------------------------------------------------
---------------------------------------------------------------------------------
Start Cross Boundary and Area Optimization
---------------------------------------------------------------------------------
WARNING: [Synth 8-7080] Parallel synthesis criteria is not met
---------------------------------------------------------------------------------
Finished Cross Boundary and Area Optimization : Time (s): cpu = 00:00:21 ; elapsed = 00:00:22 . Memory (MB): peak = 1908.434 ; gain = 434.363
---------------------------------------------------------------------------------
---------------------------------------------------------------------------------
Start Applying XDC Timing Constraints
---------------------------------------------------------------------------------
---------------------------------------------------------------------------------
Finished Applying XDC Timing Constraints : Time (s): cpu = 00:00:30 ; elapsed = 00:00:32 . Memory (MB): peak = 2456.090 ; gain = 982.020
---------------------------------------------------------------------------------
---------------------------------------------------------------------------------
Start Timing Optimization
---------------------------------------------------------------------------------
---------------------------------------------------------------------------------
Finished Timing Optimization : Time (s): cpu = 00:00:30 ; elapsed = 00:00:32 . Memory (MB): peak = 2456.090 ; gain = 982.020
---------------------------------------------------------------------------------
---------------------------------------------------------------------------------
Start Technology Mapping
---------------------------------------------------------------------------------
---------------------------------------------------------------------------------
Finished Technology Mapping : Time (s): cpu = 00:00:30 ; elapsed = 00:00:32 . Memory (MB): peak = 2475.598 ; gain = 1001.527
---------------------------------------------------------------------------------
---------------------------------------------------------------------------------
Start IO Insertion
---------------------------------------------------------------------------------
---------------------------------------------------------------------------------
Start Flattening Before IO Insertion
---------------------------------------------------------------------------------
---------------------------------------------------------------------------------
Finished Flattening Before IO Insertion
---------------------------------------------------------------------------------
---------------------------------------------------------------------------------
Start Final Netlist Cleanup
---------------------------------------------------------------------------------
---------------------------------------------------------------------------------
Finished Final Netlist Cleanup
---------------------------------------------------------------------------------
---------------------------------------------------------------------------------
Finished IO Insertion : Time (s): cpu = 00:00:37 ; elapsed = 00:00:38 . Memory (MB): peak = 2482.266 ; gain = 1008.195
---------------------------------------------------------------------------------
---------------------------------------------------------------------------------
Start Renaming Generated Instances
---------------------------------------------------------------------------------
---------------------------------------------------------------------------------
Finished Renaming Generated Instances : Time (s): cpu = 00:00:37 ; elapsed = 00:00:38 . Memory (MB): peak = 2482.266 ; gain = 1008.195
---------------------------------------------------------------------------------
---------------------------------------------------------------------------------
Start Rebuilding User Hierarchy
---------------------------------------------------------------------------------
---------------------------------------------------------------------------------
Finished Rebuilding User Hierarchy : Time (s): cpu = 00:00:37 ; elapsed = 00:00:38 . Memory (MB): peak = 2482.266 ; gain = 1008.195
---------------------------------------------------------------------------------
---------------------------------------------------------------------------------
Start Renaming Generated Ports
---------------------------------------------------------------------------------
---------------------------------------------------------------------------------
Finished Renaming Generated Ports : Time (s): cpu = 00:00:37 ; elapsed = 00:00:38 . Memory (MB): peak = 2482.266 ; gain = 1008.195
---------------------------------------------------------------------------------
---------------------------------------------------------------------------------
Start Handling Custom Attributes
---------------------------------------------------------------------------------
---------------------------------------------------------------------------------
Finished Handling Custom Attributes : Time (s): cpu = 00:00:37 ; elapsed = 00:00:38 . Memory (MB): peak = 2482.266 ; gain = 1008.195
---------------------------------------------------------------------------------
---------------------------------------------------------------------------------
Start Renaming Generated Nets
---------------------------------------------------------------------------------
---------------------------------------------------------------------------------
Finished Renaming Generated Nets : Time (s): cpu = 00:00:37 ; elapsed = 00:00:39 . Memory (MB): peak = 2482.266 ; gain = 1008.195
---------------------------------------------------------------------------------
---------------------------------------------------------------------------------
Start Writing Synthesis Report
---------------------------------------------------------------------------------

Report BlackBoxes: 
+------+----------------------------------------+----------+
|      |BlackBox name                           |Instances |
+------+----------------------------------------+----------+
|1     |dma_config_fir_axi_bram_ctrl_0_0        |         1|
|2     |dma_config_fir_axi_dma_0_0              |         1|
|3     |dma_config_fir_axi_gpio_0_0             |         1|
|4     |dma_config_fir_axis_fir4_configurab_0_0 |         1|
|5     |dma_config_fir_blk_mem_gen_0_0          |         1|
|6     |dma_config_fir_proc_sys_reset_0_0       |         1|
|7     |dma_config_fir_smartconnect_0_0         |         1|
|8     |dma_config_fir_zynq_ultra_ps_e_0_0      |         1|
+------+----------------------------------------+----------+

Report Cell Usage: 
+------+--------------------------------------+------+
|      |Cell                                  |Count |
+------+--------------------------------------+------+
|1     |dma_config_fir_axi_bram_ctrl_0        |     1|
|2     |dma_config_fir_axi_dma_0              |     1|
|3     |dma_config_fir_axi_gpio_0             |     1|
|4     |dma_config_fir_axis_fir4_configurab_0 |     1|
|5     |dma_config_fir_blk_mem_gen_0          |     1|
|6     |dma_config_fir_proc_sys_reset_0       |     1|
|7     |dma_config_fir_smartconnect_0         |     1|
|8     |dma_config_fir_zynq_ultra_ps_e_0      |     1|
+------+--------------------------------------+------+
---------------------------------------------------------------------------------
Finished Writing Synthesis Report : Time (s): cpu = 00:00:37 ; elapsed = 00:00:39 . Memory (MB): peak = 2482.266 ; gain = 1008.195
---------------------------------------------------------------------------------
Synthesis finished with 0 errors, 1 critical warnings and 1 warnings.
Synthesis Optimization Runtime : Time (s): cpu = 00:00:24 ; elapsed = 00:00:32 . Memory (MB): peak = 2482.266 ; gain = 1008.195
Synthesis Optimization Complete : Time (s): cpu = 00:00:37 ; elapsed = 00:00:39 . Memory (MB): peak = 2482.266 ; gain = 1008.195
INFO: [Project 1-571] Translating synthesized netlist
Netlist sorting complete. Time (s): cpu = 00:00:00 ; elapsed = 00:00:00.007 . Memory (MB): peak = 2482.266 ; gain = 0.000
INFO: [Project 1-570] Preparing netlist for logic optimization
INFO: [Opt 31-138] Pushed 0 inverter(s) to 0 load pin(s).
Netlist sorting complete. Time (s): cpu = 00:00:00 ; elapsed = 00:00:00 . Memory (MB): peak = 2525.512 ; gain = 0.000
INFO: [Project 1-111] Unisim Transformation Summary:
No Unisim elements were transformed.

Synth Design complete, checksum: f2fe2dce
INFO: [Common 17-83] Releasing license: Synthesis
41 Infos, 25 Warnings, 1 Critical Warnings and 0 Errors encountered.
synth_design completed successfully
synth_design: Time (s): cpu = 00:00:44 ; elapsed = 00:00:47 . Memory (MB): peak = 2530.562 ; gain = 2064.812
INFO: [runtcl-6] Synthesis results are not added to the cache due to CRITICAL_WARNING
INFO: [Common 17-1381] The checkpoint 'D:/FPGA/Vivaldo Project/kr260_experiments/11_dma_config_fir4_coe/11_dma_config_fir4_coe.runs/synth_1/dma_config_fir_wrapper.dcp' has been generated.
INFO: [runtcl-4] Executing : report_utilization -file dma_config_fir_wrapper_utilization_synth.rpt -pb dma_config_fir_wrapper_utilization_synth.pb
INFO: [Common 17-206] Exiting Vivado at Thu May 21 17:03:49 2026...
