#-----------------------------------------------------------
# Vivado v2022.2 (64-bit)
# SW Build 3671981 on Fri Oct 14 05:00:03 MDT 2022
# IP Build 3669848 on Fri Oct 14 08:30:02 MDT 2022
# Start of session at: Thu May 21 21:40:36 2026
# Process ID: 102216
# Current directory: D:/FPGA/Vivaldo Project/kr260_experiments/12_axis_dma_complex_mixer_nco
# Command line: vivado.exe -gui_launcher_event rodinguilauncherevent34160 D:\FPGA\Vivaldo Project\kr260_experiments\12_axis_dma_complex_mixer_nco\12_axis_dma_complex_mixer_nco.xpr
# Log file: D:/FPGA/Vivaldo Project/kr260_experiments/12_axis_dma_complex_mixer_nco/vivado.log
# Journal file: D:/FPGA/Vivaldo Project/kr260_experiments/12_axis_dma_complex_mixer_nco\vivado.jou
# Running On: LAPTOP-CHCSI1R5, OS: Windows, CPU Frequency: 3194 MHz, CPU Physical cores: 16, Host memory: 21319 MB
#-----------------------------------------------------------
start_gui
open_project {D:/FPGA/Vivaldo Project/kr260_experiments/12_axis_dma_complex_mixer_nco/12_axis_dma_complex_mixer_nco.xpr}
WARNING: [Board 49-26] cannot add Board Part xilinx.com:ac701:part0:1.4 available at D:/Xilinx/Vivado/2022.2/data/xhub/boards/XilinxBoardStore/boards/Xilinx/ac701/1.4/board.xml as part xc7a200tfbg676-2 specified in board_part file is either invalid or not available
WARNING: [Board 49-26] cannot add Board Part xilinx.com:kc705:part0:1.6 available at D:/Xilinx/Vivado/2022.2/data/xhub/boards/XilinxBoardStore/boards/Xilinx/kc705/1.6/board.xml as part xc7k325tffg900-2 specified in board_part file is either invalid or not available
WARNING: [Board 49-26] cannot add Board Part xilinx.com:kcu105:part0:1.6 available at D:/Xilinx/Vivado/2022.2/data/xhub/boards/XilinxBoardStore/boards/Xilinx/kcu105/1.6/board.xml as part xcku040-ffva1156-2-e specified in board_part file is either invalid or not available
WARNING: [Board 49-26] cannot add Board Part xilinx.com:kcu105:part0:1.7 available at D:/Xilinx/Vivado/2022.2/data/xhub/boards/XilinxBoardStore/boards/Xilinx/kcu105/1.7/board.xml as part xcku040-ffva1156-2-e specified in board_part file is either invalid or not available
WARNING: [Board 49-26] cannot add Board Part xilinx.com:kcu116:part0:1.4 available at D:/Xilinx/Vivado/2022.2/data/xhub/boards/XilinxBoardStore/boards/Xilinx/kcu116/1.4/board.xml as part xcku5p-ffvb676-2-e specified in board_part file is either invalid or not available
WARNING: [Board 49-26] cannot add Board Part xilinx.com:kcu116:part0:1.5 available at D:/Xilinx/Vivado/2022.2/data/xhub/boards/XilinxBoardStore/boards/Xilinx/kcu116/1.5/board.xml as part xcku5p-ffvb676-2-e specified in board_part file is either invalid or not available
WARNING: [Board 49-26] cannot add Board Part xilinx.com:kcu1500:part0:1.2 available at D:/Xilinx/Vivado/2022.2/data/xhub/boards/XilinxBoardStore/boards/Xilinx/kcu1500/1.2/board.xml as part xcku115-flvb2104-2-e specified in board_part file is either invalid or not available
WARNING: [Board 49-26] cannot add Board Part xilinx.com:sp701:part0:1.0 available at D:/Xilinx/Vivado/2022.2/data/xhub/boards/XilinxBoardStore/boards/Xilinx/sp701/1.0/board.xml as part xc7s100fgga676-2 specified in board_part file is either invalid or not available
WARNING: [Board 49-26] cannot add Board Part xilinx.com:sp701:part0:1.1 available at D:/Xilinx/Vivado/2022.2/data/xhub/boards/XilinxBoardStore/boards/Xilinx/sp701/1.1/board.xml as part xc7s100fgga676-2 specified in board_part file is either invalid or not available
WARNING: [Board 49-26] cannot add Board Part xilinx.com:vc707:part0:1.4 available at D:/Xilinx/Vivado/2022.2/data/xhub/boards/XilinxBoardStore/boards/Xilinx/vc707/1.4/board.xml as part xc7vx485tffg1761-2 specified in board_part file is either invalid or not available
WARNING: [Board 49-26] cannot add Board Part xilinx.com:vc709:part0:1.8 available at D:/Xilinx/Vivado/2022.2/data/xhub/boards/XilinxBoardStore/boards/Xilinx/vc709/1.8/board.xml as part xc7vx690tffg1761-2 specified in board_part file is either invalid or not available
WARNING: [Board 49-26] cannot add Board Part xilinx.com:vck190:part0:2.2 available at D:/Xilinx/Vivado/2022.2/data/xhub/boards/XilinxBoardStore/boards/Xilinx/vck190/production/2.2/board.xml as part xcvc1902-vsva2197-2mp-e-s specified in board_part file is either invalid or not available
WARNING: [Board 49-26] cannot add Board Part xilinx.com:vck190:part0:3.0 available at D:/Xilinx/Vivado/2022.2/data/xhub/boards/XilinxBoardStore/boards/Xilinx/vck190/production/3.0/board.xml as part xcvc1902-vsva2197-2mp-e-s specified in board_part file is either invalid or not available
WARNING: [Board 49-26] cannot add Board Part xilinx.com:vck190:part0:3.1 available at D:/Xilinx/Vivado/2022.2/data/xhub/boards/XilinxBoardStore/boards/Xilinx/vck190/production/3.1/board.xml as part xcvc1902-vsva2197-2mp-e-s specified in board_part file is either invalid or not available
WARNING: [Board 49-26] cannot add Board Part xilinx.com:vck190_newl:part0:1.0 available at D:/Xilinx/Vivado/2022.2/data/xhub/boards/XilinxBoardStore/boards/Xilinx/vck190_newl/production/1.0/board.xml as part xcvc1902-vsva2197-2mp-e-s specified in board_part file is either invalid or not available
WARNING: [Board 49-26] cannot add Board Part xilinx.com:vcu108:part0:1.6 available at D:/Xilinx/Vivado/2022.2/data/xhub/boards/XilinxBoardStore/boards/Xilinx/vcu108/1.6/board.xml as part xcvu095-ffva2104-2-e specified in board_part file is either invalid or not available
WARNING: [Board 49-26] cannot add Board Part xilinx.com:vcu108:part0:1.7 available at D:/Xilinx/Vivado/2022.2/data/xhub/boards/XilinxBoardStore/boards/Xilinx/vcu108/1.7/board.xml as part xcvu095-ffva2104-2-e specified in board_part file is either invalid or not available
WARNING: [Board 49-26] cannot add Board Part xilinx.com:vcu110:part0:1.4 available at D:/Xilinx/Vivado/2022.2/data/xhub/boards/XilinxBoardStore/boards/Xilinx/vcu110/1.4/board.xml as part xcvu190-flgc2104-2-e specified in board_part file is either invalid or not available
WARNING: [Board 49-26] cannot add Board Part xilinx.com:vcu118:part0:2.0 available at D:/Xilinx/Vivado/2022.2/data/xhub/boards/XilinxBoardStore/boards/Xilinx/vcu118/2.0/board.xml as part xcvu9p-flga2104-2l-e specified in board_part file is either invalid or not available
WARNING: [Board 49-26] cannot add Board Part xilinx.com:vcu118:part0:2.3 available at D:/Xilinx/Vivado/2022.2/data/xhub/boards/XilinxBoardStore/boards/Xilinx/vcu118/2.3/board.xml as part xcvu9p-flga2104-2l-e specified in board_part file is either invalid or not available
WARNING: [Board 49-26] cannot add Board Part xilinx.com:vcu118:part0:2.4 available at D:/Xilinx/Vivado/2022.2/data/xhub/boards/XilinxBoardStore/boards/Xilinx/vcu118/2.4/board.xml as part xcvu9p-flga2104-2l-e specified in board_part file is either invalid or not available
WARNING: [Board 49-26] cannot add Board Part xilinx.com:vcu128:part0:1.0 available at D:/Xilinx/Vivado/2022.2/data/xhub/boards/XilinxBoardStore/boards/Xilinx/vcu128/production/1.0/board.xml as part xcvu37p-fsvh2892-2l-e specified in board_part file is either invalid or not available
WARNING: [Board 49-26] cannot add Board Part xilinx.com:vcu129:part0:1.0 available at D:/Xilinx/Vivado/2022.2/data/xhub/boards/XilinxBoardStore/boards/Xilinx/vcu129/production/1.0/board.xml as part xcvu29p-fsga2577-2l-e specified in board_part file is either invalid or not available
WARNING: [Board 49-26] cannot add Board Part xilinx.com:vcu1525:part0:1.3 available at D:/Xilinx/Vivado/2022.2/data/xhub/boards/XilinxBoardStore/boards/Xilinx/vcu1525/1.3/board.xml as part xcvu9p-fsgd2104-2l-e specified in board_part file is either invalid or not available
WARNING: [Board 49-26] cannot add Board Part xilinx.com:vek280_es:part0:1.0 available at D:/Xilinx/Vivado/2022.2/data/xhub/boards/XilinxBoardStore/boards/Xilinx/vek280/es/1.0/board.xml as part xcve2802-vsvh1760-2lp-e-s-es1 specified in board_part file is either invalid or not available
WARNING: [Board 49-26] cannot add Board Part xilinx.com:vermeo_t1_rfsoc:part0:1.0 available at D:/Xilinx/Vivado/2022.2/data/xhub/boards/XilinxBoardStore/boards/Xilinx/vermeo_t1_rfsoc/1.0/board.xml as part xczu21dr-ffvd1156-2l-e specified in board_part file is either invalid or not available
WARNING: [Board 49-26] cannot add Board Part xilinx.com:vhk158_es:part0:1.0 available at D:/Xilinx/Vivado/2022.2/data/xhub/boards/XilinxBoardStore/boards/Xilinx/vhk158/es/1.0/board.xml as part xcvh1582-vsva3697-2mp-e-s-es1 specified in board_part file is either invalid or not available
WARNING: [Board 49-26] cannot add Board Part xilinx.com:vmk180:part0:2.2 available at D:/Xilinx/Vivado/2022.2/data/xhub/boards/XilinxBoardStore/boards/Xilinx/vmk180/production/2.2/board.xml as part xcvm1802-vsva2197-2mp-e-s specified in board_part file is either invalid or not available
WARNING: [Board 49-26] cannot add Board Part xilinx.com:vmk180:part0:3.0 available at D:/Xilinx/Vivado/2022.2/data/xhub/boards/XilinxBoardStore/boards/Xilinx/vmk180/production/3.0/board.xml as part xcvm1802-vsva2197-2mp-e-s specified in board_part file is either invalid or not available
WARNING: [Board 49-26] cannot add Board Part xilinx.com:vmk180:part0:3.1 available at D:/Xilinx/Vivado/2022.2/data/xhub/boards/XilinxBoardStore/boards/Xilinx/vmk180/production/3.1/board.xml as part xcvm1802-vsva2197-2mp-e-s specified in board_part file is either invalid or not available
WARNING: [Board 49-26] cannot add Board Part xilinx.com:vmk180_newl:part0:1.0 available at D:/Xilinx/Vivado/2022.2/data/xhub/boards/XilinxBoardStore/boards/Xilinx/vmk180_newl/production/1.0/board.xml as part xcvm1802-vsva2197-2mp-e-s specified in board_part file is either invalid or not available
WARNING: [Board 49-26] cannot add Board Part xilinx.com:vpk120:part0:1.0 available at D:/Xilinx/Vivado/2022.2/data/xhub/boards/XilinxBoardStore/boards/Xilinx/vpk120/production/1.0/board.xml as part xcvp1202-vsva2785-2mp-e-s specified in board_part file is either invalid or not available
WARNING: [Board 49-26] cannot add Board Part xilinx.com:vpk120_es:part0:1.2 available at D:/Xilinx/Vivado/2022.2/data/xhub/boards/XilinxBoardStore/boards/Xilinx/vpk120/es/1.2/board.xml as part xcvp1202-vsva2785-2mp-e-s-es1 specified in board_part file is either invalid or not available
WARNING: [Board 49-26] cannot add Board Part xilinx.com:vpk120_es_revb:part0:1.0 available at D:/Xilinx/Vivado/2022.2/data/xhub/boards/XilinxBoardStore/boards/Xilinx/vpk120_revb/es/1.0/board.xml as part xcvp1202-vsva2785-2mp-e-s-es1 specified in board_part file is either invalid or not available
WARNING: [Board 49-26] cannot add Board Part xilinx.com:vpk180_es:part0:1.0 available at D:/Xilinx/Vivado/2022.2/data/xhub/boards/XilinxBoardStore/boards/Xilinx/vpk180/es/1.0/board.xml as part xcvp1802-lsvc4072-2mp-e-s-es1 specified in board_part file is either invalid or not available
WARNING: [Board 49-26] cannot add Board Part xilinx.com:zc702:part0:1.4 available at D:/Xilinx/Vivado/2022.2/data/xhub/boards/XilinxBoardStore/boards/Xilinx/zc702/1.4/board.xml as part xc7z020clg484-1 specified in board_part file is either invalid or not available
WARNING: [Board 49-26] cannot add Board Part xilinx.com:zc706:part0:1.4 available at D:/Xilinx/Vivado/2022.2/data/xhub/boards/XilinxBoardStore/boards/Xilinx/zc706/1.4/board.xml as part xc7z045ffg900-2 specified in board_part file is either invalid or not available
WARNING: [Board 49-26] cannot add Board Part xilinx.com:zcu111:part0:1.2 available at D:/Xilinx/Vivado/2022.2/data/xhub/boards/XilinxBoardStore/boards/Xilinx/zcu111/1.2/board.xml as part xczu28dr-ffvg1517-2-e specified in board_part file is either invalid or not available
WARNING: [Board 49-26] cannot add Board Part xilinx.com:zcu111:part0:1.3 available at D:/Xilinx/Vivado/2022.2/data/xhub/boards/XilinxBoardStore/boards/Xilinx/zcu111/1.3/board.xml as part xczu28dr-ffvg1517-2-e specified in board_part file is either invalid or not available
WARNING: [Board 49-26] cannot add Board Part xilinx.com:zcu111:part0:1.4 available at D:/Xilinx/Vivado/2022.2/data/xhub/boards/XilinxBoardStore/boards/Xilinx/zcu111/1.4/board.xml as part xczu28dr-ffvg1517-2-e specified in board_part file is either invalid or not available
WARNING: [Board 49-26] cannot add Board Part xilinx.com:zcu1275:part0:1.0 available at D:/Xilinx/Vivado/2022.2/data/xhub/boards/XilinxBoardStore/boards/Xilinx/zcu1275/1.0/board.xml as part xczu29dr-ffvf1760-2-e specified in board_part file is either invalid or not available
WARNING: [Board 49-26] cannot add Board Part xilinx.com:zcu1285:part0:1.0 available at D:/Xilinx/Vivado/2022.2/data/xhub/boards/XilinxBoardStore/boards/Xilinx/zcu1285/1.0/board.xml as part xczu39dr-ffvf1760-2-i specified in board_part file is either invalid or not available
WARNING: [Board 49-26] cannot add Board Part xilinx.com:zcu208:part0:2.0 available at D:/Xilinx/Vivado/2022.2/data/xhub/boards/XilinxBoardStore/boards/Xilinx/zcu208/production/2.0/board.xml as part xczu48dr-fsvg1517-2-e specified in board_part file is either invalid or not available
WARNING: [Board 49-26] cannot add Board Part xilinx.com:zcu208ld:part0:2.0 available at D:/Xilinx/Vivado/2022.2/data/xhub/boards/XilinxBoardStore/boards/Xilinx/zcu208ld/production/2.0/board.xml as part xczu58dr-fsvg1517-2-i specified in board_part file is either invalid or not available
WARNING: [Board 49-26] cannot add Board Part xilinx.com:zcu216:part0:2.0 available at D:/Xilinx/Vivado/2022.2/data/xhub/boards/XilinxBoardStore/boards/Xilinx/zcu216/production/2.0/board.xml as part xczu49dr-ffvf1760-2-e specified in board_part file is either invalid or not available
WARNING: [Board 49-26] cannot add Board Part xilinx.com:zcu216ld:part0:2.0 available at D:/Xilinx/Vivado/2022.2/data/xhub/boards/XilinxBoardStore/boards/Xilinx/zcu216ld/production/2.0/board.xml as part xczu59dr-ffvf1760-2-i specified in board_part file is either invalid or not available
WARNING: [Board 49-26] cannot add Board Part xilinx.com:zcu670:part0:2.0 available at D:/Xilinx/Vivado/2022.2/data/xhub/boards/XilinxBoardStore/boards/Xilinx/zcu670/2.0/board.xml as part xczu67dr-fsve1156-2-i specified in board_part file is either invalid or not available
WARNING: [Board 49-26] cannot add Board Part xilinx.com:zcu670ld:part0:1.0 available at D:/Xilinx/Vivado/2022.2/data/xhub/boards/XilinxBoardStore/boards/Xilinx/zcu670ld/1.0/board.xml as part xczu57dr-fsve1156-2-i specified in board_part file is either invalid or not available
Scanning sources...
Finished scanning sources
INFO: [IP_Flow 19-234] Refreshing IP repositories
INFO: [IP_Flow 19-1704] No user IP repositories specified
INFO: [IP_Flow 19-2313] Loaded Vivado IP repository 'D:/Xilinx/Vivado/2022.2/data/ip'.
WARNING: [IP_Flow 19-3664] IP 'mixer_nco_smartconnect_0_0' generated file not found 'd:/FPGA/Vivaldo Project/kr260_experiments/12_axis_dma_complex_mixer_nco/12_axis_dma_complex_mixer_nco.gen/sources_1/bd/mixer_nco/ip/mixer_nco_smartconnect_0_0/mixer_nco_smartconnect_0_0.dcp'. Please regenerate to continue.
WARNING: [IP_Flow 19-3664] IP 'mixer_nco_smartconnect_0_0' generated file not found 'd:/FPGA/Vivaldo Project/kr260_experiments/12_axis_dma_complex_mixer_nco/12_axis_dma_complex_mixer_nco.gen/sources_1/bd/mixer_nco/ip/mixer_nco_smartconnect_0_0/mixer_nco_smartconnect_0_0_stub.v'. Please regenerate to continue.
WARNING: [IP_Flow 19-3664] IP 'mixer_nco_smartconnect_0_0' generated file not found 'd:/FPGA/Vivaldo Project/kr260_experiments/12_axis_dma_complex_mixer_nco/12_axis_dma_complex_mixer_nco.gen/sources_1/bd/mixer_nco/ip/mixer_nco_smartconnect_0_0/mixer_nco_smartconnect_0_0_stub.vhdl'. Please regenerate to continue.
WARNING: [IP_Flow 19-3664] IP 'mixer_nco_smartconnect_0_0' generated file not found 'd:/FPGA/Vivaldo Project/kr260_experiments/12_axis_dma_complex_mixer_nco/12_axis_dma_complex_mixer_nco.gen/sources_1/bd/mixer_nco/ip/mixer_nco_smartconnect_0_0/mixer_nco_smartconnect_0_0_sim_netlist.v'. Please regenerate to continue.
WARNING: [IP_Flow 19-3664] IP 'mixer_nco_smartconnect_0_0' generated file not found 'd:/FPGA/Vivaldo Project/kr260_experiments/12_axis_dma_complex_mixer_nco/12_axis_dma_complex_mixer_nco.gen/sources_1/bd/mixer_nco/ip/mixer_nco_smartconnect_0_0/mixer_nco_smartconnect_0_0_sim_netlist.vhdl'. Please regenerate to continue.
WARNING: [IP_Flow 19-3664] IP 'mixer_nco_axi_bram_ctrl_0_0' generated file not found 'd:/FPGA/Vivaldo Project/kr260_experiments/12_axis_dma_complex_mixer_nco/12_axis_dma_complex_mixer_nco.gen/sources_1/bd/mixer_nco/ip/mixer_nco_axi_bram_ctrl_0_0/mixer_nco_axi_bram_ctrl_0_0.dcp'. Please regenerate to continue.
WARNING: [IP_Flow 19-3664] IP 'mixer_nco_axi_bram_ctrl_0_0' generated file not found 'd:/FPGA/Vivaldo Project/kr260_experiments/12_axis_dma_complex_mixer_nco/12_axis_dma_complex_mixer_nco.gen/sources_1/bd/mixer_nco/ip/mixer_nco_axi_bram_ctrl_0_0/mixer_nco_axi_bram_ctrl_0_0_stub.v'. Please regenerate to continue.
WARNING: [IP_Flow 19-3664] IP 'mixer_nco_axi_bram_ctrl_0_0' generated file not found 'd:/FPGA/Vivaldo Project/kr260_experiments/12_axis_dma_complex_mixer_nco/12_axis_dma_complex_mixer_nco.gen/sources_1/bd/mixer_nco/ip/mixer_nco_axi_bram_ctrl_0_0/mixer_nco_axi_bram_ctrl_0_0_stub.vhdl'. Please regenerate to continue.
WARNING: [IP_Flow 19-3664] IP 'mixer_nco_axi_bram_ctrl_0_0' generated file not found 'd:/FPGA/Vivaldo Project/kr260_experiments/12_axis_dma_complex_mixer_nco/12_axis_dma_complex_mixer_nco.gen/sources_1/bd/mixer_nco/ip/mixer_nco_axi_bram_ctrl_0_0/mixer_nco_axi_bram_ctrl_0_0_sim_netlist.v'. Please regenerate to continue.
WARNING: [IP_Flow 19-3664] IP 'mixer_nco_axi_bram_ctrl_0_0' generated file not found 'd:/FPGA/Vivaldo Project/kr260_experiments/12_axis_dma_complex_mixer_nco/12_axis_dma_complex_mixer_nco.gen/sources_1/bd/mixer_nco/ip/mixer_nco_axi_bram_ctrl_0_0/mixer_nco_axi_bram_ctrl_0_0_sim_netlist.vhdl'. Please regenerate to continue.
WARNING: [IP_Flow 19-3664] IP 'mixer_nco_blk_mem_gen_0_0' generated file not found 'd:/FPGA/Vivaldo Project/kr260_experiments/12_axis_dma_complex_mixer_nco/12_axis_dma_complex_mixer_nco.gen/sources_1/bd/mixer_nco/ip/mixer_nco_blk_mem_gen_0_0/mixer_nco_blk_mem_gen_0_0.dcp'. Please regenerate to continue.
WARNING: [IP_Flow 19-3664] IP 'mixer_nco_blk_mem_gen_0_0' generated file not found 'd:/FPGA/Vivaldo Project/kr260_experiments/12_axis_dma_complex_mixer_nco/12_axis_dma_complex_mixer_nco.gen/sources_1/bd/mixer_nco/ip/mixer_nco_blk_mem_gen_0_0/mixer_nco_blk_mem_gen_0_0_stub.v'. Please regenerate to continue.
WARNING: [IP_Flow 19-3664] IP 'mixer_nco_blk_mem_gen_0_0' generated file not found 'd:/FPGA/Vivaldo Project/kr260_experiments/12_axis_dma_complex_mixer_nco/12_axis_dma_complex_mixer_nco.gen/sources_1/bd/mixer_nco/ip/mixer_nco_blk_mem_gen_0_0/mixer_nco_blk_mem_gen_0_0_stub.vhdl'. Please regenerate to continue.
WARNING: [IP_Flow 19-3664] IP 'mixer_nco_blk_mem_gen_0_0' generated file not found 'd:/FPGA/Vivaldo Project/kr260_experiments/12_axis_dma_complex_mixer_nco/12_axis_dma_complex_mixer_nco.gen/sources_1/bd/mixer_nco/ip/mixer_nco_blk_mem_gen_0_0/mixer_nco_blk_mem_gen_0_0_sim_netlist.v'. Please regenerate to continue.
WARNING: [IP_Flow 19-3664] IP 'mixer_nco_blk_mem_gen_0_0' generated file not found 'd:/FPGA/Vivaldo Project/kr260_experiments/12_axis_dma_complex_mixer_nco/12_axis_dma_complex_mixer_nco.gen/sources_1/bd/mixer_nco/ip/mixer_nco_blk_mem_gen_0_0/mixer_nco_blk_mem_gen_0_0_sim_netlist.vhdl'. Please regenerate to continue.
WARNING: [IP_Flow 19-3664] IP 'mixer_nco_axis_complex_mixer_f_0_0' generated file not found 'd:/FPGA/Vivaldo Project/kr260_experiments/12_axis_dma_complex_mixer_nco/12_axis_dma_complex_mixer_nco.gen/sources_1/bd/mixer_nco/ip/mixer_nco_axis_complex_mixer_f_0_0/mixer_nco_axis_complex_mixer_f_0_0.dcp'. Please regenerate to continue.
WARNING: [IP_Flow 19-3664] IP 'mixer_nco_axis_complex_mixer_f_0_0' generated file not found 'd:/FPGA/Vivaldo Project/kr260_experiments/12_axis_dma_complex_mixer_nco/12_axis_dma_complex_mixer_nco.gen/sources_1/bd/mixer_nco/ip/mixer_nco_axis_complex_mixer_f_0_0/mixer_nco_axis_complex_mixer_f_0_0_stub.v'. Please regenerate to continue.
WARNING: [IP_Flow 19-3664] IP 'mixer_nco_axis_complex_mixer_f_0_0' generated file not found 'd:/FPGA/Vivaldo Project/kr260_experiments/12_axis_dma_complex_mixer_nco/12_axis_dma_complex_mixer_nco.gen/sources_1/bd/mixer_nco/ip/mixer_nco_axis_complex_mixer_f_0_0/mixer_nco_axis_complex_mixer_f_0_0_stub.vhdl'. Please regenerate to continue.
WARNING: [IP_Flow 19-3664] IP 'mixer_nco_axis_complex_mixer_f_0_0' generated file not found 'd:/FPGA/Vivaldo Project/kr260_experiments/12_axis_dma_complex_mixer_nco/12_axis_dma_complex_mixer_nco.gen/sources_1/bd/mixer_nco/ip/mixer_nco_axis_complex_mixer_f_0_0/mixer_nco_axis_complex_mixer_f_0_0_sim_netlist.v'. Please regenerate to continue.
WARNING: [IP_Flow 19-3664] IP 'mixer_nco_axis_complex_mixer_f_0_0' generated file not found 'd:/FPGA/Vivaldo Project/kr260_experiments/12_axis_dma_complex_mixer_nco/12_axis_dma_complex_mixer_nco.gen/sources_1/bd/mixer_nco/ip/mixer_nco_axis_complex_mixer_f_0_0/mixer_nco_axis_complex_mixer_f_0_0_sim_netlist.vhdl'. Please regenerate to continue.
open_project: Time (s): cpu = 00:00:31 ; elapsed = 00:00:14 . Memory (MB): peak = 1200.586 ; gain = 372.336
update_compile_order -fileset sources_1
open_bd_design {D:/FPGA/Vivaldo Project/kr260_experiments/12_axis_dma_complex_mixer_nco/12_axis_dma_complex_mixer_nco.srcs/sources_1/bd/mixer_nco/mixer_nco.bd}
Reading block design file <D:/FPGA/Vivaldo Project/kr260_experiments/12_axis_dma_complex_mixer_nco/12_axis_dma_complex_mixer_nco.srcs/sources_1/bd/mixer_nco/mixer_nco.bd>...
Adding component instance block -- xilinx.com:ip:zynq_ultra_ps_e:3.4 - zynq_ultra_ps_e_0
Adding component instance block -- xilinx.com:ip:proc_sys_reset:5.0 - proc_sys_reset_0
Adding component instance block -- xilinx.com:ip:smartconnect:1.0 - smartconnect_0
Adding component instance block -- xilinx.com:ip:axi_bram_ctrl:4.1 - axi_bram_ctrl_0
Adding component instance block -- xilinx.com:ip:blk_mem_gen:8.4 - blk_mem_gen_0
Adding component instance block -- xilinx.com:ip:axi_dma:7.1 - axi_dma_0
Adding component instance block -- xilinx.com:module_ref:axis_complex_mixer_fs4:1.0 - axis_complex_mixer_f_0
Excluding slave segment /axi_dma_0/S_AXI_LITE/Reg from address space /axi_dma_0/Data_MM2S.
Excluding slave segment /axi_dma_0/S_AXI_LITE/Reg from address space /axi_dma_0/Data_S2MM.
Successfully read diagram <mixer_nco> from block design file <D:/FPGA/Vivaldo Project/kr260_experiments/12_axis_dma_complex_mixer_nco/12_axis_dma_complex_mixer_nco.srcs/sources_1/bd/mixer_nco/mixer_nco.bd>
open_bd_design: Time (s): cpu = 00:00:08 ; elapsed = 00:00:08 . Memory (MB): peak = 1346.586 ; gain = 127.328
validate_bd_design -force
Excluding slave segment /axi_dma_0/S_AXI_LITE/Reg from address space /axi_dma_0/Data_MM2S.
Excluding slave segment /axi_dma_0/S_AXI_LITE/Reg from address space /axi_dma_0/Data_S2MM.
INFO: [xilinx.com:ip:smartconnect:1.0-1] mixer_nco_smartconnect_0_0: SmartConnect mixer_nco_smartconnect_0_0 is in High-performance Mode.
INFO: [Ipptcl 7-1463] No Compatible Board Interface found. Board Tab not created in customize GUI
WARNING: [BD 41-237] Bus Interface property AWUSER_WIDTH does not match between /axi_bram_ctrl_0/S_AXI(0) and /smartconnect_0/M00_AXI(16)
WARNING: [BD 41-237] Bus Interface property ARUSER_WIDTH does not match between /axi_bram_ctrl_0/S_AXI(0) and /smartconnect_0/M00_AXI(16)
validate_bd_design: Time (s): cpu = 00:00:05 ; elapsed = 00:00:07 . Memory (MB): peak = 1533.465 ; gain = 58.023
apply_bd_automation -rule xilinx.com:bd_rule:zynq_ultra_ps_e -config {apply_board_preset "1" }  [get_bd_cells zynq_ultra_ps_e_0]
INFO: [PSU-1]  DP_AUDIO clock source: RPLL is also being used by other peripheral clocks. Their outputs may get impacted if any driver changes DP_AUDIO PLL source to support runtime audio change 
INFO: [PSU-1]  DP_AUDIO clock source: RPLL is also being used by other peripheral clocks. Their outputs may get impacted if any driver changes DP_AUDIO PLL source to support runtime audio change 
WARNING: [IP_Flow 19-474] Invalid Parameter 'Component_Name'
INFO: [PSU-1]  DP_AUDIO clock source: RPLL is also being used by other peripheral clocks. Their outputs may get impacted if any driver changes DP_AUDIO PLL source to support runtime audio change 
startgroup
set_property CONFIG.PSU__USE__M_AXI_GP1 {0} [get_bd_cells zynq_ultra_ps_e_0]
INFO: [PSU-1]  DP_AUDIO clock source: RPLL is also being used by other peripheral clocks. Their outputs may get impacted if any driver changes DP_AUDIO PLL source to support runtime audio change 
endgroup
save_bd_design
Wrote  : <D:\FPGA\Vivaldo Project\kr260_experiments\12_axis_dma_complex_mixer_nco\12_axis_dma_complex_mixer_nco.srcs\sources_1\bd\mixer_nco\mixer_nco.bd> 
Wrote  : <D:/FPGA/Vivaldo Project/kr260_experiments/12_axis_dma_complex_mixer_nco/12_axis_dma_complex_mixer_nco.srcs/sources_1/bd/mixer_nco/ui/bd_b3d2f964.ui> 
validate_bd_design
Excluding slave segment /axi_dma_0/S_AXI_LITE/Reg from address space /axi_dma_0/Data_MM2S.
Excluding slave segment /axi_dma_0/S_AXI_LITE/Reg from address space /axi_dma_0/Data_S2MM.
INFO: [PSU-1]  DP_AUDIO clock source: RPLL is also being used by other peripheral clocks. Their outputs may get impacted if any driver changes DP_AUDIO PLL source to support runtime audio change 
INFO: [xilinx.com:ip:smartconnect:1.0-1] mixer_nco_smartconnect_0_0: SmartConnect mixer_nco_smartconnect_0_0 is in High-performance Mode.
INFO: [Ipptcl 7-1463] No Compatible Board Interface found. Board Tab not created in customize GUI
WARNING: [BD 41-237] Bus Interface property AWUSER_WIDTH does not match between /axi_bram_ctrl_0/S_AXI(0) and /smartconnect_0/M00_AXI(16)
WARNING: [BD 41-237] Bus Interface property ARUSER_WIDTH does not match between /axi_bram_ctrl_0/S_AXI(0) and /smartconnect_0/M00_AXI(16)
validate_bd_design: Time (s): cpu = 00:00:13 ; elapsed = 00:00:13 . Memory (MB): peak = 1748.520 ; gain = 14.941
save_bd_design
Wrote  : <D:\FPGA\Vivaldo Project\kr260_experiments\12_axis_dma_complex_mixer_nco\12_axis_dma_complex_mixer_nco.srcs\sources_1\bd\mixer_nco\mixer_nco.bd> 
Wrote  : <D:/FPGA/Vivaldo Project/kr260_experiments/12_axis_dma_complex_mixer_nco/12_axis_dma_complex_mixer_nco.srcs/sources_1/bd/mixer_nco/ui/bd_b3d2f964.ui> 
reset_run synth_1
reset_run mixer_nco_axi_bram_ctrl_0_0_synth_1
reset_run mixer_nco_axis_complex_mixer_f_0_0_synth_1
reset_run mixer_nco_blk_mem_gen_0_0_synth_1
reset_run mixer_nco_axi_dma_0_0_synth_1
reset_run mixer_nco_smartconnect_0_0_synth_1
reset_run mixer_nco_zynq_ultra_ps_e_0_0_synth_1
reset_run mixer_nco_proc_sys_reset_0_0_synth_1
launch_runs impl_1 -to_step write_bitstream -jobs 8
INFO: [BD 41-1662] The design 'mixer_nco.bd' is already validated. Therefore parameter propagation will not be re-run.
WARNING: [BD 41-2384] Width mismatch when connecting pin: '/blk_mem_gen_0/addra'(32) to pin: '/axi_bram_ctrl_0/bram_addr_a'(16) - Only lower order bits will be connected.
Verilog Output written to : d:/FPGA/Vivaldo Project/kr260_experiments/12_axis_dma_complex_mixer_nco/12_axis_dma_complex_mixer_nco.gen/sources_1/bd/mixer_nco/synth/mixer_nco.v
WARNING: [BD 41-2384] Width mismatch when connecting pin: '/blk_mem_gen_0/addra'(32) to pin: '/axi_bram_ctrl_0/bram_addr_a'(16) - Only lower order bits will be connected.
Verilog Output written to : d:/FPGA/Vivaldo Project/kr260_experiments/12_axis_dma_complex_mixer_nco/12_axis_dma_complex_mixer_nco.gen/sources_1/bd/mixer_nco/sim/mixer_nco.v
Verilog Output written to : d:/FPGA/Vivaldo Project/kr260_experiments/12_axis_dma_complex_mixer_nco/12_axis_dma_complex_mixer_nco.gen/sources_1/bd/mixer_nco/hdl/mixer_nco_wrapper.v
INFO: [xilinx.com:ip:zynq_ultra_ps_e:3.4-0] mixer_nco_zynq_ultra_ps_e_0_0: 
Changes in your design (including the PCW configuration settings) are not automatically exported from Vivado to Xilinx's SDK, Petalinux or Yocto.
This is by design to avoid disrupting existing embedded development efforts. To have any changes of your design taking effect in the embedded software flow please export your
design by going through Vivado's main menu, click on File, then Export finally select Export Hardware, please ensure you click on the Include BitStream option.
The auto-generated HDF file is all you need to import in Xilinx's SDK, Petalinux or Yocto for your changes to be reflected in the Embedded Software Flow.
For more information, please consult PG201, section: Exporting PCW Settings to Embedded Software Flows
INFO: [PSU-0] Address Range of DDR (0x7ff00000 to 0x7fffffff) is reserved by PMU for internal purpose.
INFO: [IP_Flow 19-5611] Unable to find an associated reset port for the interface 'M_AXI_HPM0_FPD'. A default connection has been created.
INFO: [BD 41-1029] Generation completed for the IP Integrator block zynq_ultra_ps_e_0 .
INFO: [BD 41-1029] Generation completed for the IP Integrator block proc_sys_reset_0 .
Exporting to file d:/FPGA/Vivaldo Project/kr260_experiments/12_axis_dma_complex_mixer_nco/12_axis_dma_complex_mixer_nco.gen/sources_1/bd/mixer_nco/ip/mixer_nco_smartconnect_0_0/bd_0/hw_handoff/mixer_nco_smartconnect_0_0.hwh
Generated Hardware Definition File d:/FPGA/Vivaldo Project/kr260_experiments/12_axis_dma_complex_mixer_nco/12_axis_dma_complex_mixer_nco.gen/sources_1/bd/mixer_nco/ip/mixer_nco_smartconnect_0_0/bd_0/synth/mixer_nco_smartconnect_0_0.hwdef
INFO: [BD 41-1029] Generation completed for the IP Integrator block smartconnect_0 .
INFO: [BD 41-1029] Generation completed for the IP Integrator block axi_bram_ctrl_0 .
INFO: [BD 41-1029] Generation completed for the IP Integrator block axi_dma_0 .
Exporting to file d:/FPGA/Vivaldo Project/kr260_experiments/12_axis_dma_complex_mixer_nco/12_axis_dma_complex_mixer_nco.gen/sources_1/bd/mixer_nco/hw_handoff/mixer_nco.hwh
Generated Hardware Definition File d:/FPGA/Vivaldo Project/kr260_experiments/12_axis_dma_complex_mixer_nco/12_axis_dma_complex_mixer_nco.gen/sources_1/bd/mixer_nco/synth/mixer_nco.hwdef
INFO: [IP_Flow 19-6930] IPCACHE: runCacheChecks() number of threads = 8
INFO: [IP_Flow 19-6921] IPCACHE: Adding cache check func to thread queue for IP mixer_nco_axi_bram_ctrl_0_0
INFO: [IP_Flow 19-6921] IPCACHE: Adding cache check func to thread queue for IP mixer_nco_axi_dma_0_0
INFO: [IP_Flow 19-6921] IPCACHE: Adding cache check func to thread queue for IP mixer_nco_axis_complex_mixer_f_0_0
INFO: [IP_Flow 19-6921] IPCACHE: Adding cache check func to thread queue for IP mixer_nco_blk_mem_gen_0_0
INFO: [IP_Flow 19-6921] IPCACHE: Adding cache check func to thread queue for IP mixer_nco_proc_sys_reset_0_0
INFO: [IP_Flow 19-6921] IPCACHE: Adding cache check func to thread queue for IP mixer_nco_smartconnect_0_0
INFO: [IP_Flow 19-6921] IPCACHE: Adding cache check func to thread queue for IP mixer_nco_zynq_ultra_ps_e_0_0
INFO: [IP_Flow 19-8020] IPCACHE: runCacheChecks() calling threadPool finishWork()
INFO: [IP_Flow 19-6924] IPCACHE: Running cache check for IP inst: mixer_nco_axi_bram_ctrl_0_0
INFO: [IP_Flow 19-6924] IPCACHE: Running cache check for IP inst: mixer_nco_axi_dma_0_0
INFO: [IP_Flow 19-6924] IPCACHE: Running cache check for IP inst: mixer_nco_axis_complex_mixer_f_0_0
INFO: [IP_Flow 19-6924] IPCACHE: Running cache check for IP inst: mixer_nco_blk_mem_gen_0_0
INFO: [IP_Flow 19-6924] IPCACHE: Running cache check for IP inst: mixer_nco_proc_sys_reset_0_0
INFO: [IP_Flow 19-6924] IPCACHE: Running cache check for IP inst: mixer_nco_smartconnect_0_0
INFO: [IP_Flow 19-6924] IPCACHE: Running cache check for IP inst: mixer_nco_zynq_ultra_ps_e_0_0
[Thu May 21 21:52:37 2026] Launched mixer_nco_axi_dma_0_0_synth_1, mixer_nco_smartconnect_0_0_synth_1, mixer_nco_axi_bram_ctrl_0_0_synth_1, mixer_nco_axis_complex_mixer_f_0_0_synth_1, mixer_nco_blk_mem_gen_0_0_synth_1, mixer_nco_zynq_ultra_ps_e_0_0_synth_1, mixer_nco_proc_sys_reset_0_0_synth_1, synth_1...
Run output will be captured here:
mixer_nco_axi_dma_0_0_synth_1: D:/FPGA/Vivaldo Project/kr260_experiments/12_axis_dma_complex_mixer_nco/12_axis_dma_complex_mixer_nco.runs/mixer_nco_axi_dma_0_0_synth_1/runme.log
mixer_nco_smartconnect_0_0_synth_1: D:/FPGA/Vivaldo Project/kr260_experiments/12_axis_dma_complex_mixer_nco/12_axis_dma_complex_mixer_nco.runs/mixer_nco_smartconnect_0_0_synth_1/runme.log
mixer_nco_axi_bram_ctrl_0_0_synth_1: D:/FPGA/Vivaldo Project/kr260_experiments/12_axis_dma_complex_mixer_nco/12_axis_dma_complex_mixer_nco.runs/mixer_nco_axi_bram_ctrl_0_0_synth_1/runme.log
mixer_nco_axis_complex_mixer_f_0_0_synth_1: D:/FPGA/Vivaldo Project/kr260_experiments/12_axis_dma_complex_mixer_nco/12_axis_dma_complex_mixer_nco.runs/mixer_nco_axis_complex_mixer_f_0_0_synth_1/runme.log
mixer_nco_blk_mem_gen_0_0_synth_1: D:/FPGA/Vivaldo Project/kr260_experiments/12_axis_dma_complex_mixer_nco/12_axis_dma_complex_mixer_nco.runs/mixer_nco_blk_mem_gen_0_0_synth_1/runme.log
mixer_nco_zynq_ultra_ps_e_0_0_synth_1: D:/FPGA/Vivaldo Project/kr260_experiments/12_axis_dma_complex_mixer_nco/12_axis_dma_complex_mixer_nco.runs/mixer_nco_zynq_ultra_ps_e_0_0_synth_1/runme.log
mixer_nco_proc_sys_reset_0_0_synth_1: D:/FPGA/Vivaldo Project/kr260_experiments/12_axis_dma_complex_mixer_nco/12_axis_dma_complex_mixer_nco.runs/mixer_nco_proc_sys_reset_0_0_synth_1/runme.log
synth_1: D:/FPGA/Vivaldo Project/kr260_experiments/12_axis_dma_complex_mixer_nco/12_axis_dma_complex_mixer_nco.runs/synth_1/runme.log
[Thu May 21 21:52:38 2026] Launched impl_1...
Run output will be captured here: D:/FPGA/Vivaldo Project/kr260_experiments/12_axis_dma_complex_mixer_nco/12_axis_dma_complex_mixer_nco.runs/impl_1/runme.log
launch_runs: Time (s): cpu = 00:00:58 ; elapsed = 00:01:04 . Memory (MB): peak = 2040.973 ; gain = 292.453
validate_bd_design -force
Excluding slave segment /axi_dma_0/S_AXI_LITE/Reg from address space /axi_dma_0/Data_MM2S.
Excluding slave segment /axi_dma_0/S_AXI_LITE/Reg from address space /axi_dma_0/Data_S2MM.
INFO: [xilinx.com:ip:smartconnect:1.0-1] mixer_nco_smartconnect_0_0: SmartConnect mixer_nco_smartconnect_0_0 is in High-performance Mode.
INFO: [Ipptcl 7-1463] No Compatible Board Interface found. Board Tab not created in customize GUI
WARNING: [BD 41-237] Bus Interface property AWUSER_WIDTH does not match between /axi_bram_ctrl_0/S_AXI(0) and /smartconnect_0/M00_AXI(16)
WARNING: [BD 41-237] Bus Interface property ARUSER_WIDTH does not match between /axi_bram_ctrl_0/S_AXI(0) and /smartconnect_0/M00_AXI(16)
validate_bd_design: Time (s): cpu = 00:00:06 ; elapsed = 00:00:07 . Memory (MB): peak = 2040.973 ; gain = 0.000
reset_target all [get_files  {{D:/FPGA/Vivaldo Project/kr260_experiments/12_axis_dma_complex_mixer_nco/12_axis_dma_complex_mixer_nco.srcs/sources_1/bd/mixer_nco/mixer_nco.bd}}]
export_ip_user_files -of_objects  [get_files  {{D:/FPGA/Vivaldo Project/kr260_experiments/12_axis_dma_complex_mixer_nco/12_axis_dma_complex_mixer_nco.srcs/sources_1/bd/mixer_nco/mixer_nco.bd}}] -sync -no_script -force -quiet
delete_ip_run [get_files -of_objects [get_fileset sources_1] {{D:/FPGA/Vivaldo Project/kr260_experiments/12_axis_dma_complex_mixer_nco/12_axis_dma_complex_mixer_nco.srcs/sources_1/bd/mixer_nco/mixer_nco.bd}}]
WARNING: [Vivado 12-1017] Problems encountered:
1. Failed to delete one or more files in run directory D:/FPGA/Vivaldo Project/kr260_experiments/12_axis_dma_complex_mixer_nco/12_axis_dma_complex_mixer_nco.runs/mixer_nco_zynq_ultra_ps_e_0_0_synth_1

set_property synth_checkpoint_mode None [get_files  {{D:/FPGA/Vivaldo Project/kr260_experiments/12_axis_dma_complex_mixer_nco/12_axis_dma_complex_mixer_nco.srcs/sources_1/bd/mixer_nco/mixer_nco.bd}}]
generate_target all [get_files  {{D:/FPGA/Vivaldo Project/kr260_experiments/12_axis_dma_complex_mixer_nco/12_axis_dma_complex_mixer_nco.srcs/sources_1/bd/mixer_nco/mixer_nco.bd}}]
INFO: [BD 41-1662] The design 'mixer_nco.bd' is already validated. Therefore parameter propagation will not be re-run.
Wrote  : <D:\FPGA\Vivaldo Project\kr260_experiments\12_axis_dma_complex_mixer_nco\12_axis_dma_complex_mixer_nco.srcs\sources_1\bd\mixer_nco\mixer_nco.bd> 
Wrote  : <D:/FPGA/Vivaldo Project/kr260_experiments/12_axis_dma_complex_mixer_nco/12_axis_dma_complex_mixer_nco.srcs/sources_1/bd/mixer_nco/ui/bd_b3d2f964.ui> 
WARNING: [BD 41-2384] Width mismatch when connecting pin: '/blk_mem_gen_0/addra'(32) to pin: '/axi_bram_ctrl_0/bram_addr_a'(16) - Only lower order bits will be connected.
Verilog Output written to : d:/FPGA/Vivaldo Project/kr260_experiments/12_axis_dma_complex_mixer_nco/12_axis_dma_complex_mixer_nco.gen/sources_1/bd/mixer_nco/synth/mixer_nco.v
WARNING: [BD 41-2384] Width mismatch when connecting pin: '/blk_mem_gen_0/addra'(32) to pin: '/axi_bram_ctrl_0/bram_addr_a'(16) - Only lower order bits will be connected.
Verilog Output written to : d:/FPGA/Vivaldo Project/kr260_experiments/12_axis_dma_complex_mixer_nco/12_axis_dma_complex_mixer_nco.gen/sources_1/bd/mixer_nco/sim/mixer_nco.v
Verilog Output written to : d:/FPGA/Vivaldo Project/kr260_experiments/12_axis_dma_complex_mixer_nco/12_axis_dma_complex_mixer_nco.gen/sources_1/bd/mixer_nco/hdl/mixer_nco_wrapper.v
INFO: [xilinx.com:ip:zynq_ultra_ps_e:3.4-0] mixer_nco_zynq_ultra_ps_e_0_0: 
Changes in your design (including the PCW configuration settings) are not automatically exported from Vivado to Xilinx's SDK, Petalinux or Yocto.
This is by design to avoid disrupting existing embedded development efforts. To have any changes of your design taking effect in the embedded software flow please export your
design by going through Vivado's main menu, click on File, then Export finally select Export Hardware, please ensure you click on the Include BitStream option.
The auto-generated HDF file is all you need to import in Xilinx's SDK, Petalinux or Yocto for your changes to be reflected in the Embedded Software Flow.
For more information, please consult PG201, section: Exporting PCW Settings to Embedded Software Flows
INFO: [PSU-0] Address Range of DDR (0x7ff00000 to 0x7fffffff) is reserved by PMU for internal purpose.
INFO: [IP_Flow 19-5611] Unable to find an associated reset port for the interface 'M_AXI_HPM0_FPD'. A default connection has been created.
INFO: [BD 41-1029] Generation completed for the IP Integrator block zynq_ultra_ps_e_0 .
INFO: [BD 41-1029] Generation completed for the IP Integrator block proc_sys_reset_0 .
Exporting to file d:/FPGA/Vivaldo Project/kr260_experiments/12_axis_dma_complex_mixer_nco/12_axis_dma_complex_mixer_nco.gen/sources_1/bd/mixer_nco/ip/mixer_nco_smartconnect_0_0/bd_0/hw_handoff/mixer_nco_smartconnect_0_0.hwh
Generated Hardware Definition File d:/FPGA/Vivaldo Project/kr260_experiments/12_axis_dma_complex_mixer_nco/12_axis_dma_complex_mixer_nco.gen/sources_1/bd/mixer_nco/ip/mixer_nco_smartconnect_0_0/bd_0/synth/mixer_nco_smartconnect_0_0.hwdef
INFO: [BD 41-1029] Generation completed for the IP Integrator block smartconnect_0 .
INFO: [BD 41-1029] Generation completed for the IP Integrator block axi_bram_ctrl_0 .
INFO: [BD 41-1029] Generation completed for the IP Integrator block blk_mem_gen_0 .
INFO: [BD 41-1029] Generation completed for the IP Integrator block axi_dma_0 .
INFO: [BD 41-1029] Generation completed for the IP Integrator block axis_complex_mixer_f_0 .
Exporting to file d:/FPGA/Vivaldo Project/kr260_experiments/12_axis_dma_complex_mixer_nco/12_axis_dma_complex_mixer_nco.gen/sources_1/bd/mixer_nco/hw_handoff/mixer_nco.hwh
Generated Hardware Definition File d:/FPGA/Vivaldo Project/kr260_experiments/12_axis_dma_complex_mixer_nco/12_axis_dma_complex_mixer_nco.gen/sources_1/bd/mixer_nco/synth/mixer_nco.hwdef
export_ip_user_files -of_objects [get_files {{D:/FPGA/Vivaldo Project/kr260_experiments/12_axis_dma_complex_mixer_nco/12_axis_dma_complex_mixer_nco.srcs/sources_1/bd/mixer_nco/mixer_nco.bd}}] -no_script -sync -force -quiet
export_simulation -of_objects [get_files {{D:/FPGA/Vivaldo Project/kr260_experiments/12_axis_dma_complex_mixer_nco/12_axis_dma_complex_mixer_nco.srcs/sources_1/bd/mixer_nco/mixer_nco.bd}}] -directory {D:/FPGA/Vivaldo Project/kr260_experiments/12_axis_dma_complex_mixer_nco/12_axis_dma_complex_mixer_nco.ip_user_files/sim_scripts} -ip_user_files_dir {D:/FPGA/Vivaldo Project/kr260_experiments/12_axis_dma_complex_mixer_nco/12_axis_dma_complex_mixer_nco.ip_user_files} -ipstatic_source_dir {D:/FPGA/Vivaldo Project/kr260_experiments/12_axis_dma_complex_mixer_nco/12_axis_dma_complex_mixer_nco.ip_user_files/ipstatic} -lib_map_path [list {modelsim=D:/FPGA/Vivaldo Project/kr260_experiments/12_axis_dma_complex_mixer_nco/12_axis_dma_complex_mixer_nco.cache/compile_simlib/modelsim} {questa=D:/FPGA/Vivaldo Project/kr260_experiments/12_axis_dma_complex_mixer_nco/12_axis_dma_complex_mixer_nco.cache/compile_simlib/questa} {riviera=D:/FPGA/Vivaldo Project/kr260_experiments/12_axis_dma_complex_mixer_nco/12_axis_dma_complex_mixer_nco.cache/compile_simlib/riviera} {activehdl=D:/FPGA/Vivaldo Project/kr260_experiments/12_axis_dma_complex_mixer_nco/12_axis_dma_complex_mixer_nco.cache/compile_simlib/activehdl}] -use_ip_compiled_libs -force -quiet
reset_run synth_1
launch_runs impl_1 -to_step write_bitstream -jobs 8
[Thu May 21 22:00:36 2026] Launched synth_1...
Run output will be captured here: D:/FPGA/Vivaldo Project/kr260_experiments/12_axis_dma_complex_mixer_nco/12_axis_dma_complex_mixer_nco.runs/synth_1/runme.log
[Thu May 21 22:00:36 2026] Launched impl_1...
Run output will be captured here: D:/FPGA/Vivaldo Project/kr260_experiments/12_axis_dma_complex_mixer_nco/12_axis_dma_complex_mixer_nco.runs/impl_1/runme.log
update_module_reference mixer_nco_axis_complex_mixer_f_0_0
INFO: [IP_Flow 19-5107] Inferred bus interface 'm_axis' of definition 'xilinx.com:interface:axis:1.0' (from Xilinx Repository).
INFO: [IP_Flow 19-5107] Inferred bus interface 's_axis' of definition 'xilinx.com:interface:axis:1.0' (from Xilinx Repository).
INFO: [IP_Flow 19-5107] Inferred bus interface 'aresetn' of definition 'xilinx.com:signal:reset:1.0' (from Xilinx Repository).
INFO: [IP_Flow 19-5107] Inferred bus interface 'aclk' of definition 'xilinx.com:signal:clock:1.0' (from Xilinx Repository).
INFO: [IP_Flow 19-4728] Bus Interface 'aresetn': Added interface parameter 'POLARITY' with value 'ACTIVE_LOW'.
INFO: [IP_Flow 19-4728] Bus Interface 'aclk': Added interface parameter 'ASSOCIATED_BUSIF' with value 'm_axis'.
INFO: [IP_Flow 19-4728] Bus Interface 'aclk': Added interface parameter 'ASSOCIATED_RESET' with value 'aresetn'.
INFO: [IP_Flow 19-234] Refreshing IP repositories
INFO: [IP_Flow 19-1704] No user IP repositories specified
Upgrading 'D:/FPGA/Vivaldo Project/kr260_experiments/12_axis_dma_complex_mixer_nco/12_axis_dma_complex_mixer_nco.srcs/sources_1/bd/mixer_nco/mixer_nco.bd'
INFO: [IP_Flow 19-3420] Updated mixer_nco_axis_complex_mixer_f_0_0 to use current project options
Wrote  : <D:\FPGA\Vivaldo Project\kr260_experiments\12_axis_dma_complex_mixer_nco\12_axis_dma_complex_mixer_nco.srcs\sources_1\bd\mixer_nco\mixer_nco.bd> 
Wrote  : <D:/FPGA/Vivaldo Project/kr260_experiments/12_axis_dma_complex_mixer_nco/12_axis_dma_complex_mixer_nco.srcs/sources_1/bd/mixer_nco/ui/bd_b3d2f964.ui> 
reset_target all [get_files  {{D:/FPGA/Vivaldo Project/kr260_experiments/12_axis_dma_complex_mixer_nco/12_axis_dma_complex_mixer_nco.srcs/sources_1/bd/mixer_nco/mixer_nco.bd}}]
export_ip_user_files -of_objects  [get_files  {{D:/FPGA/Vivaldo Project/kr260_experiments/12_axis_dma_complex_mixer_nco/12_axis_dma_complex_mixer_nco.srcs/sources_1/bd/mixer_nco/mixer_nco.bd}}] -sync -no_script -force -quiet
generate_target all [get_files  {{D:/FPGA/Vivaldo Project/kr260_experiments/12_axis_dma_complex_mixer_nco/12_axis_dma_complex_mixer_nco.srcs/sources_1/bd/mixer_nco/mixer_nco.bd}}]
Excluding slave segment /axi_dma_0/S_AXI_LITE/Reg from address space /axi_dma_0/Data_MM2S.
Excluding slave segment /axi_dma_0/S_AXI_LITE/Reg from address space /axi_dma_0/Data_S2MM.
Excluding slave segment /axi_dma_0/S_AXI_LITE/Reg from address space /axi_dma_0/Data_MM2S.
Excluding slave segment /axi_dma_0/S_AXI_LITE/Reg from address space /axi_dma_0/Data_S2MM.
INFO: [xilinx.com:ip:smartconnect:1.0-1] mixer_nco_smartconnect_0_0: SmartConnect mixer_nco_smartconnect_0_0 is in High-performance Mode.
INFO: [Ipptcl 7-1463] No Compatible Board Interface found. Board Tab not created in customize GUI
Excluding slave segment /axi_dma_0/S_AXI_LITE/Reg from address space /axi_dma_0/Data_MM2S.
Excluding slave segment /axi_dma_0/S_AXI_LITE/Reg from address space /axi_dma_0/Data_S2MM.
WARNING: [BD 41-237] Bus Interface property AWUSER_WIDTH does not match between /axi_bram_ctrl_0/S_AXI(0) and /smartconnect_0/M00_AXI(16)
WARNING: [BD 41-237] Bus Interface property ARUSER_WIDTH does not match between /axi_bram_ctrl_0/S_AXI(0) and /smartconnect_0/M00_AXI(16)
Wrote  : <D:\FPGA\Vivaldo Project\kr260_experiments\12_axis_dma_complex_mixer_nco\12_axis_dma_complex_mixer_nco.srcs\sources_1\bd\mixer_nco\mixer_nco.bd> 
WARNING: [BD 41-2384] Width mismatch when connecting pin: '/blk_mem_gen_0/addra'(32) to pin: '/axi_bram_ctrl_0/bram_addr_a'(16) - Only lower order bits will be connected.
Verilog Output written to : d:/FPGA/Vivaldo Project/kr260_experiments/12_axis_dma_complex_mixer_nco/12_axis_dma_complex_mixer_nco.gen/sources_1/bd/mixer_nco/synth/mixer_nco.v
WARNING: [BD 41-2384] Width mismatch when connecting pin: '/blk_mem_gen_0/addra'(32) to pin: '/axi_bram_ctrl_0/bram_addr_a'(16) - Only lower order bits will be connected.
Verilog Output written to : d:/FPGA/Vivaldo Project/kr260_experiments/12_axis_dma_complex_mixer_nco/12_axis_dma_complex_mixer_nco.gen/sources_1/bd/mixer_nco/sim/mixer_nco.v
Verilog Output written to : d:/FPGA/Vivaldo Project/kr260_experiments/12_axis_dma_complex_mixer_nco/12_axis_dma_complex_mixer_nco.gen/sources_1/bd/mixer_nco/hdl/mixer_nco_wrapper.v
INFO: [xilinx.com:ip:zynq_ultra_ps_e:3.4-0] mixer_nco_zynq_ultra_ps_e_0_0: 
Changes in your design (including the PCW configuration settings) are not automatically exported from Vivado to Xilinx's SDK, Petalinux or Yocto.
This is by design to avoid disrupting existing embedded development efforts. To have any changes of your design taking effect in the embedded software flow please export your
design by going through Vivado's main menu, click on File, then Export finally select Export Hardware, please ensure you click on the Include BitStream option.
The auto-generated HDF file is all you need to import in Xilinx's SDK, Petalinux or Yocto for your changes to be reflected in the Embedded Software Flow.
For more information, please consult PG201, section: Exporting PCW Settings to Embedded Software Flows
INFO: [PSU-0] Address Range of DDR (0x7ff00000 to 0x7fffffff) is reserved by PMU for internal purpose.
INFO: [IP_Flow 19-5611] Unable to find an associated reset port for the interface 'M_AXI_HPM0_FPD'. A default connection has been created.
INFO: [BD 41-1029] Generation completed for the IP Integrator block zynq_ultra_ps_e_0 .
INFO: [BD 41-1029] Generation completed for the IP Integrator block proc_sys_reset_0 .
Exporting to file d:/FPGA/Vivaldo Project/kr260_experiments/12_axis_dma_complex_mixer_nco/12_axis_dma_complex_mixer_nco.gen/sources_1/bd/mixer_nco/ip/mixer_nco_smartconnect_0_0/bd_0/hw_handoff/mixer_nco_smartconnect_0_0.hwh
Generated Hardware Definition File d:/FPGA/Vivaldo Project/kr260_experiments/12_axis_dma_complex_mixer_nco/12_axis_dma_complex_mixer_nco.gen/sources_1/bd/mixer_nco/ip/mixer_nco_smartconnect_0_0/bd_0/synth/mixer_nco_smartconnect_0_0.hwdef
INFO: [BD 41-1029] Generation completed for the IP Integrator block smartconnect_0 .
INFO: [BD 41-1029] Generation completed for the IP Integrator block axi_bram_ctrl_0 .
INFO: [BD 41-1029] Generation completed for the IP Integrator block blk_mem_gen_0 .
INFO: [BD 41-1029] Generation completed for the IP Integrator block axi_dma_0 .
INFO: [BD 41-1029] Generation completed for the IP Integrator block axis_complex_mixer_f_0 .
Exporting to file d:/FPGA/Vivaldo Project/kr260_experiments/12_axis_dma_complex_mixer_nco/12_axis_dma_complex_mixer_nco.gen/sources_1/bd/mixer_nco/hw_handoff/mixer_nco.hwh
Generated Hardware Definition File d:/FPGA/Vivaldo Project/kr260_experiments/12_axis_dma_complex_mixer_nco/12_axis_dma_complex_mixer_nco.gen/sources_1/bd/mixer_nco/synth/mixer_nco.hwdef
export_ip_user_files -of_objects [get_files {{D:/FPGA/Vivaldo Project/kr260_experiments/12_axis_dma_complex_mixer_nco/12_axis_dma_complex_mixer_nco.srcs/sources_1/bd/mixer_nco/mixer_nco.bd}}] -no_script -sync -force -quiet
export_simulation -of_objects [get_files {{D:/FPGA/Vivaldo Project/kr260_experiments/12_axis_dma_complex_mixer_nco/12_axis_dma_complex_mixer_nco.srcs/sources_1/bd/mixer_nco/mixer_nco.bd}}] -directory {D:/FPGA/Vivaldo Project/kr260_experiments/12_axis_dma_complex_mixer_nco/12_axis_dma_complex_mixer_nco.ip_user_files/sim_scripts} -ip_user_files_dir {D:/FPGA/Vivaldo Project/kr260_experiments/12_axis_dma_complex_mixer_nco/12_axis_dma_complex_mixer_nco.ip_user_files} -ipstatic_source_dir {D:/FPGA/Vivaldo Project/kr260_experiments/12_axis_dma_complex_mixer_nco/12_axis_dma_complex_mixer_nco.ip_user_files/ipstatic} -lib_map_path [list {modelsim=D:/FPGA/Vivaldo Project/kr260_experiments/12_axis_dma_complex_mixer_nco/12_axis_dma_complex_mixer_nco.cache/compile_simlib/modelsim} {questa=D:/FPGA/Vivaldo Project/kr260_experiments/12_axis_dma_complex_mixer_nco/12_axis_dma_complex_mixer_nco.cache/compile_simlib/questa} {riviera=D:/FPGA/Vivaldo Project/kr260_experiments/12_axis_dma_complex_mixer_nco/12_axis_dma_complex_mixer_nco.cache/compile_simlib/riviera} {activehdl=D:/FPGA/Vivaldo Project/kr260_experiments/12_axis_dma_complex_mixer_nco/12_axis_dma_complex_mixer_nco.cache/compile_simlib/activehdl}] -use_ip_compiled_libs -force -quiet
reset_run synth_1
launch_runs impl_1 -to_step write_bitstream -jobs 8
[Thu May 21 22:03:44 2026] Launched synth_1...
Run output will be captured here: D:/FPGA/Vivaldo Project/kr260_experiments/12_axis_dma_complex_mixer_nco/12_axis_dma_complex_mixer_nco.runs/synth_1/runme.log
[Thu May 21 22:03:44 2026] Launched impl_1...
Run output will be captured here: D:/FPGA/Vivaldo Project/kr260_experiments/12_axis_dma_complex_mixer_nco/12_axis_dma_complex_mixer_nco.runs/impl_1/runme.log
CRITICAL WARNING: [HDL 9-1206] Syntax error near ',' [D:/FPGA/Vivaldo Project/kr260_experiments/12_axis_dma_complex_mixer_nco/12_axis_dma_complex_mixer_nco.srcs/sources_1/new/axis_complex_mixer_fs4.v:58]
CRITICAL WARNING: [HDL 9-1206] Syntax error near ',' [D:/FPGA/Vivaldo Project/kr260_experiments/12_axis_dma_complex_mixer_nco/12_axis_dma_complex_mixer_nco.srcs/sources_1/new/axis_complex_mixer_fs4.v:58]
update_module_reference mixer_nco_axis_complex_mixer_f_0_0
INFO: [IP_Flow 19-5107] Inferred bus interface 'm_axis' of definition 'xilinx.com:interface:axis:1.0' (from Xilinx Repository).
INFO: [IP_Flow 19-5107] Inferred bus interface 's_axis' of definition 'xilinx.com:interface:axis:1.0' (from Xilinx Repository).
INFO: [IP_Flow 19-5107] Inferred bus interface 'aresetn' of definition 'xilinx.com:signal:reset:1.0' (from Xilinx Repository).
INFO: [IP_Flow 19-5107] Inferred bus interface 'aclk' of definition 'xilinx.com:signal:clock:1.0' (from Xilinx Repository).
INFO: [IP_Flow 19-4728] Bus Interface 'aresetn': Added interface parameter 'POLARITY' with value 'ACTIVE_LOW'.
INFO: [IP_Flow 19-4728] Bus Interface 'aclk': Added interface parameter 'ASSOCIATED_BUSIF' with value 'm_axis'.
INFO: [IP_Flow 19-4728] Bus Interface 'aclk': Added interface parameter 'ASSOCIATED_RESET' with value 'aresetn'.
INFO: [IP_Flow 19-234] Refreshing IP repositories
INFO: [IP_Flow 19-1704] No user IP repositories specified
Upgrading 'D:/FPGA/Vivaldo Project/kr260_experiments/12_axis_dma_complex_mixer_nco/12_axis_dma_complex_mixer_nco.srcs/sources_1/bd/mixer_nco/mixer_nco.bd'
INFO: [IP_Flow 19-3420] Updated mixer_nco_axis_complex_mixer_f_0_0 to use current project options
Wrote  : <D:\FPGA\Vivaldo Project\kr260_experiments\12_axis_dma_complex_mixer_nco\12_axis_dma_complex_mixer_nco.srcs\sources_1\bd\mixer_nco\mixer_nco.bd> 
reset_run synth_1
INFO: [Project 1-1160] Copying file D:/FPGA/Vivaldo Project/kr260_experiments/12_axis_dma_complex_mixer_nco/12_axis_dma_complex_mixer_nco.runs/synth_1/mixer_nco_wrapper.dcp to D:/FPGA/Vivaldo Project/kr260_experiments/12_axis_dma_complex_mixer_nco/12_axis_dma_complex_mixer_nco.srcs/utils_1/imports/synth_1 and adding it to utils fileset
launch_runs impl_1 -to_step write_bitstream -jobs 8
Excluding slave segment /axi_dma_0/S_AXI_LITE/Reg from address space /axi_dma_0/Data_MM2S.
Excluding slave segment /axi_dma_0/S_AXI_LITE/Reg from address space /axi_dma_0/Data_S2MM.
Excluding slave segment /axi_dma_0/S_AXI_LITE/Reg from address space /axi_dma_0/Data_MM2S.
Excluding slave segment /axi_dma_0/S_AXI_LITE/Reg from address space /axi_dma_0/Data_S2MM.
INFO: [xilinx.com:ip:smartconnect:1.0-1] mixer_nco_smartconnect_0_0: SmartConnect mixer_nco_smartconnect_0_0 is in High-performance Mode.
INFO: [Ipptcl 7-1463] No Compatible Board Interface found. Board Tab not created in customize GUI
Excluding slave segment /axi_dma_0/S_AXI_LITE/Reg from address space /axi_dma_0/Data_MM2S.
Excluding slave segment /axi_dma_0/S_AXI_LITE/Reg from address space /axi_dma_0/Data_S2MM.
WARNING: [BD 41-237] Bus Interface property AWUSER_WIDTH does not match between /axi_bram_ctrl_0/S_AXI(0) and /smartconnect_0/M00_AXI(16)
WARNING: [BD 41-237] Bus Interface property ARUSER_WIDTH does not match between /axi_bram_ctrl_0/S_AXI(0) and /smartconnect_0/M00_AXI(16)
Wrote  : <D:\FPGA\Vivaldo Project\kr260_experiments\12_axis_dma_complex_mixer_nco\12_axis_dma_complex_mixer_nco.srcs\sources_1\bd\mixer_nco\mixer_nco.bd> 
WARNING: [BD 41-2384] Width mismatch when connecting pin: '/blk_mem_gen_0/addra'(32) to pin: '/axi_bram_ctrl_0/bram_addr_a'(16) - Only lower order bits will be connected.
Verilog Output written to : d:/FPGA/Vivaldo Project/kr260_experiments/12_axis_dma_complex_mixer_nco/12_axis_dma_complex_mixer_nco.gen/sources_1/bd/mixer_nco/synth/mixer_nco.v
WARNING: [BD 41-2384] Width mismatch when connecting pin: '/blk_mem_gen_0/addra'(32) to pin: '/axi_bram_ctrl_0/bram_addr_a'(16) - Only lower order bits will be connected.
Verilog Output written to : d:/FPGA/Vivaldo Project/kr260_experiments/12_axis_dma_complex_mixer_nco/12_axis_dma_complex_mixer_nco.gen/sources_1/bd/mixer_nco/sim/mixer_nco.v
Verilog Output written to : d:/FPGA/Vivaldo Project/kr260_experiments/12_axis_dma_complex_mixer_nco/12_axis_dma_complex_mixer_nco.gen/sources_1/bd/mixer_nco/hdl/mixer_nco_wrapper.v
Exporting to file d:/FPGA/Vivaldo Project/kr260_experiments/12_axis_dma_complex_mixer_nco/12_axis_dma_complex_mixer_nco.gen/sources_1/bd/mixer_nco/ip/mixer_nco_smartconnect_0_0/bd_0/hw_handoff/mixer_nco_smartconnect_0_0.hwh
Generated Hardware Definition File d:/FPGA/Vivaldo Project/kr260_experiments/12_axis_dma_complex_mixer_nco/12_axis_dma_complex_mixer_nco.gen/sources_1/bd/mixer_nco/ip/mixer_nco_smartconnect_0_0/bd_0/synth/mixer_nco_smartconnect_0_0.hwdef
INFO: [BD 41-1029] Generation completed for the IP Integrator block axis_complex_mixer_f_0 .
Exporting to file d:/FPGA/Vivaldo Project/kr260_experiments/12_axis_dma_complex_mixer_nco/12_axis_dma_complex_mixer_nco.gen/sources_1/bd/mixer_nco/hw_handoff/mixer_nco.hwh
Generated Hardware Definition File d:/FPGA/Vivaldo Project/kr260_experiments/12_axis_dma_complex_mixer_nco/12_axis_dma_complex_mixer_nco.gen/sources_1/bd/mixer_nco/synth/mixer_nco.hwdef
[Fri May 22 11:05:42 2026] Launched synth_1...
Run output will be captured here: D:/FPGA/Vivaldo Project/kr260_experiments/12_axis_dma_complex_mixer_nco/12_axis_dma_complex_mixer_nco.runs/synth_1/runme.log
[Fri May 22 11:05:42 2026] Launched impl_1...
Run output will be captured here: D:/FPGA/Vivaldo Project/kr260_experiments/12_axis_dma_complex_mixer_nco/12_axis_dma_complex_mixer_nco.runs/impl_1/runme.log
