#-----------------------------------------------------------
# Vivado v2022.2 (64-bit)
# SW Build 3671981 on Fri Oct 14 05:00:03 MDT 2022
# IP Build 3669848 on Fri Oct 14 08:30:02 MDT 2022
# Start of session at: Thu May 21 16:40:56 2026
# Process ID: 90952
# Current directory: D:/FPGA/Vivaldo Project/kr260_experiments/11_dma_config_fir4_coe
# Command line: vivado.exe -gui_launcher_event rodinguilauncherevent64336 D:\FPGA\Vivaldo Project\kr260_experiments\11_dma_config_fir4_coe\11_dma_config_fir4_coe.xpr
# Log file: D:/FPGA/Vivaldo Project/kr260_experiments/11_dma_config_fir4_coe/vivado.log
# Journal file: D:/FPGA/Vivaldo Project/kr260_experiments/11_dma_config_fir4_coe\vivado.jou
# Running On: LAPTOP-CHCSI1R5, OS: Windows, CPU Frequency: 3194 MHz, CPU Physical cores: 16, Host memory: 21319 MB
#-----------------------------------------------------------
start_gui
open_project {D:/FPGA/Vivaldo Project/kr260_experiments/11_dma_config_fir4_coe/11_dma_config_fir4_coe.xpr}
WARNING: [Board 49-26] cannot add Board Part xilinx.com:ac701:part0:1.4 available at D:/Xilinx/Vivado/2022.2/data/xhub/boards/XilinxBoardStore/boards/Xilinx/ac701/1.4/board.xml as part xc7a200tfbg676-2 specified in board_part file is either invalid or not available
WARNING: [Board 49-26] cannot add Board Part xilinx.com:kc705:part0:1.6 available at D:/Xilinx/Vivado/2022.2/data/xhub/boards/XilinxBoardStore/boards/Xilinx/kc705/1.6/board.xml as part xc7k325tffg900-2 specified in board_part file is either invalid or not available
WARNING: [Board 49-26] cannot add Board Part xilinx.com:kcu105:part0:1.6 available at D:/Xilinx/Vivado/2022.2/data/xhub/boards/XilinxBoardStore/boards/Xilinx/kcu105/1.6/board.xml as part xcku040-ffva1156-2-e specified in board_part file is either invalid or not available
WARNING: [Board 49-26] cannot add Board Part xilinx.com:kcu105:part0:1.7 available at D:/Xilinx/Vivado/2022.2/data/xhub/boards/XilinxBoardStore/boards/Xilinx/kcu105/1.7/board.xml as part xcku040-ffva1156-2-e specified in board_part file is either invalid or not available
WARNING: [Board 49-26] cannot add Board Part xilinx.com:kcu116:part0:1.4 available at D:/Xilinx/Vivado/2022.2/data/xhub/boards/XilinxBoardStore/boards/Xilinx/kcu116/1.4/board.xml as part xcku5p-ffvb676-2-e specified in board_part file is either invalid or not available
WARNING: [Board 49-26] cannot add Board Part xilinx.com:kcu116:part0:1.5 available at D:/Xilinx/Vivado/2022.2/data/xhub/boards/XilinxBoardStore/boards/Xilinx/kcu116/1.5/board.xml as part xcku5p-ffvb676-2-e specified in board_part file is either invalid or not available
WARNING: [Board 49-26] cannot add Board Part xilinx.com:kcu1500:part0:1.2 available at D:/Xilinx/Vivado/2022.2/data/xhub/boards/XilinxBoardStore/boards/Xilinx/kcu1500/1.2/board.xml as part xcku115-flvb2104-2-e specified in board_part file is either invalid or not available
WARNING: [Board 49-26] cannot add Board Part xilinx.com:sp701:part0:1.0 available at D:/Xilinx/Vivado/2022.2/data/xhub/boards/XilinxBoardStore/boards/Xilinx/sp701/1.0/board.xml as part xc7s100fgga676-2 specified in board_part file is either invalid or not available
WARNING: [Board 49-26] cannot add Board Part xilinx.com:sp701:part0:1.1 available at D:/Xilinx/Vivado/2022.2/data/xhub/boards/XilinxBoardStore/boards/Xilinx/sp701/1.1/board.xml as part xc7s100fgga676-2 specified in board_part file is either invalid or not available
WARNING: [Board 49-26] cannot add Board Part xilinx.com:vc707:part0:1.4 available at D:/Xilinx/Vivado/2022.2/data/xhub/boards/XilinxBoardStore/boards/Xilinx/vc707/1.4/board.xml as part xc7vx485tffg1761-2 specified in board_part file is either invalid or not available
WARNING: [Board 49-26] cannot add Board Part xilinx.com:vc709:part0:1.8 available at D:/Xilinx/Vivado/2022.2/data/xhub/boards/XilinxBoardStore/boards/Xilinx/vc709/1.8/board.xml as part xc7vx690tffg1761-2 specified in board_part file is either invalid or not available
WARNING: [Board 49-26] cannot add Board Part xilinx.com:vck190:part0:2.2 available at D:/Xilinx/Vivado/2022.2/data/xhub/boards/XilinxBoardStore/boards/Xilinx/vck190/production/2.2/board.xml as part xcvc1902-vsva2197-2mp-e-s specified in board_part file is either invalid or not available
WARNING: [Board 49-26] cannot add Board Part xilinx.com:vck190:part0:3.0 available at D:/Xilinx/Vivado/2022.2/data/xhub/boards/XilinxBoardStore/boards/Xilinx/vck190/production/3.0/board.xml as part xcvc1902-vsva2197-2mp-e-s specified in board_part file is either invalid or not available
WARNING: [Board 49-26] cannot add Board Part xilinx.com:vck190:part0:3.1 available at D:/Xilinx/Vivado/2022.2/data/xhub/boards/XilinxBoardStore/boards/Xilinx/vck190/production/3.1/board.xml as part xcvc1902-vsva2197-2mp-e-s specified in board_part file is either invalid or not available
WARNING: [Board 49-26] cannot add Board Part xilinx.com:vck190_newl:part0:1.0 available at D:/Xilinx/Vivado/2022.2/data/xhub/boards/XilinxBoardStore/boards/Xilinx/vck190_newl/production/1.0/board.xml as part xcvc1902-vsva2197-2mp-e-s specified in board_part file is either invalid or not available
WARNING: [Board 49-26] cannot add Board Part xilinx.com:vcu108:part0:1.6 available at D:/Xilinx/Vivado/2022.2/data/xhub/boards/XilinxBoardStore/boards/Xilinx/vcu108/1.6/board.xml as part xcvu095-ffva2104-2-e specified in board_part file is either invalid or not available
WARNING: [Board 49-26] cannot add Board Part xilinx.com:vcu108:part0:1.7 available at D:/Xilinx/Vivado/2022.2/data/xhub/boards/XilinxBoardStore/boards/Xilinx/vcu108/1.7/board.xml as part xcvu095-ffva2104-2-e specified in board_part file is either invalid or not available
WARNING: [Board 49-26] cannot add Board Part xilinx.com:vcu110:part0:1.4 available at D:/Xilinx/Vivado/2022.2/data/xhub/boards/XilinxBoardStore/boards/Xilinx/vcu110/1.4/board.xml as part xcvu190-flgc2104-2-e specified in board_part file is either invalid or not available
WARNING: [Board 49-26] cannot add Board Part xilinx.com:vcu118:part0:2.0 available at D:/Xilinx/Vivado/2022.2/data/xhub/boards/XilinxBoardStore/boards/Xilinx/vcu118/2.0/board.xml as part xcvu9p-flga2104-2l-e specified in board_part file is either invalid or not available
WARNING: [Board 49-26] cannot add Board Part xilinx.com:vcu118:part0:2.3 available at D:/Xilinx/Vivado/2022.2/data/xhub/boards/XilinxBoardStore/boards/Xilinx/vcu118/2.3/board.xml as part xcvu9p-flga2104-2l-e specified in board_part file is either invalid or not available
WARNING: [Board 49-26] cannot add Board Part xilinx.com:vcu118:part0:2.4 available at D:/Xilinx/Vivado/2022.2/data/xhub/boards/XilinxBoardStore/boards/Xilinx/vcu118/2.4/board.xml as part xcvu9p-flga2104-2l-e specified in board_part file is either invalid or not available
WARNING: [Board 49-26] cannot add Board Part xilinx.com:vcu128:part0:1.0 available at D:/Xilinx/Vivado/2022.2/data/xhub/boards/XilinxBoardStore/boards/Xilinx/vcu128/production/1.0/board.xml as part xcvu37p-fsvh2892-2l-e specified in board_part file is either invalid or not available
WARNING: [Board 49-26] cannot add Board Part xilinx.com:vcu129:part0:1.0 available at D:/Xilinx/Vivado/2022.2/data/xhub/boards/XilinxBoardStore/boards/Xilinx/vcu129/production/1.0/board.xml as part xcvu29p-fsga2577-2l-e specified in board_part file is either invalid or not available
WARNING: [Board 49-26] cannot add Board Part xilinx.com:vcu1525:part0:1.3 available at D:/Xilinx/Vivado/2022.2/data/xhub/boards/XilinxBoardStore/boards/Xilinx/vcu1525/1.3/board.xml as part xcvu9p-fsgd2104-2l-e specified in board_part file is either invalid or not available
WARNING: [Board 49-26] cannot add Board Part xilinx.com:vek280_es:part0:1.0 available at D:/Xilinx/Vivado/2022.2/data/xhub/boards/XilinxBoardStore/boards/Xilinx/vek280/es/1.0/board.xml as part xcve2802-vsvh1760-2lp-e-s-es1 specified in board_part file is either invalid or not available
WARNING: [Board 49-26] cannot add Board Part xilinx.com:vermeo_t1_rfsoc:part0:1.0 available at D:/Xilinx/Vivado/2022.2/data/xhub/boards/XilinxBoardStore/boards/Xilinx/vermeo_t1_rfsoc/1.0/board.xml as part xczu21dr-ffvd1156-2l-e specified in board_part file is either invalid or not available
WARNING: [Board 49-26] cannot add Board Part xilinx.com:vhk158_es:part0:1.0 available at D:/Xilinx/Vivado/2022.2/data/xhub/boards/XilinxBoardStore/boards/Xilinx/vhk158/es/1.0/board.xml as part xcvh1582-vsva3697-2mp-e-s-es1 specified in board_part file is either invalid or not available
WARNING: [Board 49-26] cannot add Board Part xilinx.com:vmk180:part0:2.2 available at D:/Xilinx/Vivado/2022.2/data/xhub/boards/XilinxBoardStore/boards/Xilinx/vmk180/production/2.2/board.xml as part xcvm1802-vsva2197-2mp-e-s specified in board_part file is either invalid or not available
WARNING: [Board 49-26] cannot add Board Part xilinx.com:vmk180:part0:3.0 available at D:/Xilinx/Vivado/2022.2/data/xhub/boards/XilinxBoardStore/boards/Xilinx/vmk180/production/3.0/board.xml as part xcvm1802-vsva2197-2mp-e-s specified in board_part file is either invalid or not available
WARNING: [Board 49-26] cannot add Board Part xilinx.com:vmk180:part0:3.1 available at D:/Xilinx/Vivado/2022.2/data/xhub/boards/XilinxBoardStore/boards/Xilinx/vmk180/production/3.1/board.xml as part xcvm1802-vsva2197-2mp-e-s specified in board_part file is either invalid or not available
WARNING: [Board 49-26] cannot add Board Part xilinx.com:vmk180_newl:part0:1.0 available at D:/Xilinx/Vivado/2022.2/data/xhub/boards/XilinxBoardStore/boards/Xilinx/vmk180_newl/production/1.0/board.xml as part xcvm1802-vsva2197-2mp-e-s specified in board_part file is either invalid or not available
WARNING: [Board 49-26] cannot add Board Part xilinx.com:vpk120:part0:1.0 available at D:/Xilinx/Vivado/2022.2/data/xhub/boards/XilinxBoardStore/boards/Xilinx/vpk120/production/1.0/board.xml as part xcvp1202-vsva2785-2mp-e-s specified in board_part file is either invalid or not available
WARNING: [Board 49-26] cannot add Board Part xilinx.com:vpk120_es:part0:1.2 available at D:/Xilinx/Vivado/2022.2/data/xhub/boards/XilinxBoardStore/boards/Xilinx/vpk120/es/1.2/board.xml as part xcvp1202-vsva2785-2mp-e-s-es1 specified in board_part file is either invalid or not available
WARNING: [Board 49-26] cannot add Board Part xilinx.com:vpk120_es_revb:part0:1.0 available at D:/Xilinx/Vivado/2022.2/data/xhub/boards/XilinxBoardStore/boards/Xilinx/vpk120_revb/es/1.0/board.xml as part xcvp1202-vsva2785-2mp-e-s-es1 specified in board_part file is either invalid or not available
WARNING: [Board 49-26] cannot add Board Part xilinx.com:vpk180_es:part0:1.0 available at D:/Xilinx/Vivado/2022.2/data/xhub/boards/XilinxBoardStore/boards/Xilinx/vpk180/es/1.0/board.xml as part xcvp1802-lsvc4072-2mp-e-s-es1 specified in board_part file is either invalid or not available
WARNING: [Board 49-26] cannot add Board Part xilinx.com:zc702:part0:1.4 available at D:/Xilinx/Vivado/2022.2/data/xhub/boards/XilinxBoardStore/boards/Xilinx/zc702/1.4/board.xml as part xc7z020clg484-1 specified in board_part file is either invalid or not available
WARNING: [Board 49-26] cannot add Board Part xilinx.com:zc706:part0:1.4 available at D:/Xilinx/Vivado/2022.2/data/xhub/boards/XilinxBoardStore/boards/Xilinx/zc706/1.4/board.xml as part xc7z045ffg900-2 specified in board_part file is either invalid or not available
WARNING: [Board 49-26] cannot add Board Part xilinx.com:zcu111:part0:1.2 available at D:/Xilinx/Vivado/2022.2/data/xhub/boards/XilinxBoardStore/boards/Xilinx/zcu111/1.2/board.xml as part xczu28dr-ffvg1517-2-e specified in board_part file is either invalid or not available
WARNING: [Board 49-26] cannot add Board Part xilinx.com:zcu111:part0:1.3 available at D:/Xilinx/Vivado/2022.2/data/xhub/boards/XilinxBoardStore/boards/Xilinx/zcu111/1.3/board.xml as part xczu28dr-ffvg1517-2-e specified in board_part file is either invalid or not available
WARNING: [Board 49-26] cannot add Board Part xilinx.com:zcu111:part0:1.4 available at D:/Xilinx/Vivado/2022.2/data/xhub/boards/XilinxBoardStore/boards/Xilinx/zcu111/1.4/board.xml as part xczu28dr-ffvg1517-2-e specified in board_part file is either invalid or not available
WARNING: [Board 49-26] cannot add Board Part xilinx.com:zcu1275:part0:1.0 available at D:/Xilinx/Vivado/2022.2/data/xhub/boards/XilinxBoardStore/boards/Xilinx/zcu1275/1.0/board.xml as part xczu29dr-ffvf1760-2-e specified in board_part file is either invalid or not available
WARNING: [Board 49-26] cannot add Board Part xilinx.com:zcu1285:part0:1.0 available at D:/Xilinx/Vivado/2022.2/data/xhub/boards/XilinxBoardStore/boards/Xilinx/zcu1285/1.0/board.xml as part xczu39dr-ffvf1760-2-i specified in board_part file is either invalid or not available
WARNING: [Board 49-26] cannot add Board Part xilinx.com:zcu208:part0:2.0 available at D:/Xilinx/Vivado/2022.2/data/xhub/boards/XilinxBoardStore/boards/Xilinx/zcu208/production/2.0/board.xml as part xczu48dr-fsvg1517-2-e specified in board_part file is either invalid or not available
WARNING: [Board 49-26] cannot add Board Part xilinx.com:zcu208ld:part0:2.0 available at D:/Xilinx/Vivado/2022.2/data/xhub/boards/XilinxBoardStore/boards/Xilinx/zcu208ld/production/2.0/board.xml as part xczu58dr-fsvg1517-2-i specified in board_part file is either invalid or not available
WARNING: [Board 49-26] cannot add Board Part xilinx.com:zcu216:part0:2.0 available at D:/Xilinx/Vivado/2022.2/data/xhub/boards/XilinxBoardStore/boards/Xilinx/zcu216/production/2.0/board.xml as part xczu49dr-ffvf1760-2-e specified in board_part file is either invalid or not available
WARNING: [Board 49-26] cannot add Board Part xilinx.com:zcu216ld:part0:2.0 available at D:/Xilinx/Vivado/2022.2/data/xhub/boards/XilinxBoardStore/boards/Xilinx/zcu216ld/production/2.0/board.xml as part xczu59dr-ffvf1760-2-i specified in board_part file is either invalid or not available
WARNING: [Board 49-26] cannot add Board Part xilinx.com:zcu670:part0:2.0 available at D:/Xilinx/Vivado/2022.2/data/xhub/boards/XilinxBoardStore/boards/Xilinx/zcu670/2.0/board.xml as part xczu67dr-fsve1156-2-i specified in board_part file is either invalid or not available
WARNING: [Board 49-26] cannot add Board Part xilinx.com:zcu670ld:part0:1.0 available at D:/Xilinx/Vivado/2022.2/data/xhub/boards/XilinxBoardStore/boards/Xilinx/zcu670ld/1.0/board.xml as part xczu57dr-fsve1156-2-i specified in board_part file is either invalid or not available
INFO: [Project 1-313] Project file moved from 'D:/FPGA/Vivaldo Project/kr260_experiments/11_axis_dma_configurable_fir4_coefficients' since last save.
INFO: [filemgmt 56-3] Default IP Output Path : Could not find the directory 'D:/FPGA/Vivaldo Project/kr260_experiments/11_dma_config_fir4_coe/11_dma_config_fir4_coe.gen/sources_1'.
WARNING: [filemgmt 56-3] IPUserFilesDir: Could not find the directory 'D:/FPGA/Vivaldo Project/kr260_experiments/11_dma_config_fir4_coe/11_dma_config_fir4_coe.ip_user_files'.
CRITICAL WARNING: [Project 1-311] Could not find the file 'D:/FPGA/Vivaldo Project/kr260_experiments/11_dma_config_fir4_coe/11_axis_dma_configurable_fir4_coefficients.gen/sources_1/bd/dma_config_fir/hdl/dma_config_fir_wrapper.v', nor could it be found using path 'D:/FPGA/Vivaldo Project/kr260_experiments/11_axis_dma_configurable_fir4_coefficients/11_axis_dma_configurable_fir4_coefficients.gen/sources_1/bd/dma_config_fir/hdl/dma_config_fir_wrapper.v'.
Scanning sources...
Finished scanning sources
WARNING: [Project 1-509] GeneratedRun file for 'synth_1' not found
WARNING: [Project 1-509] GeneratedRun file for 'dma_config_fir_smartconnect_0_0_synth_1' not found
WARNING: [Project 1-509] GeneratedRun file for 'dma_config_fir_axi_dma_0_0_synth_1' not found
WARNING: [Project 1-509] GeneratedRun file for 'dma_config_fir_axi_bram_ctrl_0_0_synth_1' not found
WARNING: [Project 1-509] GeneratedRun file for 'dma_config_fir_axi_gpio_0_0_synth_1' not found
WARNING: [Project 1-509] GeneratedRun file for 'dma_config_fir_axis_fir4_configurab_0_0_synth_1' not found
WARNING: [Project 1-509] GeneratedRun file for 'dma_config_fir_blk_mem_gen_0_0_synth_1' not found
WARNING: [Project 1-509] GeneratedRun file for 'dma_config_fir_proc_sys_reset_0_0_synth_1' not found
WARNING: [Project 1-509] GeneratedRun file for 'dma_config_fir_zynq_ultra_ps_e_0_0_synth_1' not found
WARNING: [Project 1-509] GeneratedRun file for 'impl_1' not found
INFO: [IP_Flow 19-234] Refreshing IP repositories
INFO: [IP_Flow 19-1704] No user IP repositories specified
INFO: [IP_Flow 19-2313] Loaded Vivado IP repository 'D:/Xilinx/Vivado/2022.2/data/ip'.
INFO: [PSU-0] Address Range of DDR (0x7ff00000 to 0x7fffffff) is reserved by PMU for internal purpose.
INFO: [Ipptcl 7-1463] No Compatible Board Interface found. Board Tab not created in customize GUI
INFO: [xilinx.com:ip:axi_bram_ctrl:4.1-2] dma_config_fir_axi_bram_ctrl_0_0: In IP Integrator, please note that memory depth value gets calculated based on the Data Width of the IP and Address range selected in the Address Editor.Incase a validation error occured on the range of this parameter, please check if the selected Data width and the Address Range are valid. For valid Data width and memory depth values, please refer to the AXI BRAM Controller Product Guide.
INFO: [xilinx.com:ip:axi_bram_ctrl:4.1-1] dma_config_fir_axi_bram_ctrl_0_0: In IP Integrator, The Maximum address range supported is 2G. Selecting the address range more than 2G in the address editor may resets the value of Memory depth to default value (1024). please refer to the AXI BRAM Controller Product Guide.
INFO: [xilinx.com:ip:axi_bram_ctrl:4.1-2] dma_config_fir_axi_bram_ctrl_0_0: In IP Integrator, please note that memory depth value gets calculated based on the Data Width of the IP and Address range selected in the Address Editor.Incase a validation error occured on the range of this parameter, please check if the selected Data width and the Address Range are valid. For valid Data width and memory depth values, please refer to the AXI BRAM Controller Product Guide.
INFO: [xilinx.com:ip:axi_bram_ctrl:4.1-1] dma_config_fir_axi_bram_ctrl_0_0: In IP Integrator, The Maximum address range supported is 2G. Selecting the address range more than 2G in the address editor may resets the value of Memory depth to default value (1024). please refer to the AXI BRAM Controller Product Guide.
INFO: [xilinx.com:ip:axi_bram_ctrl:4.1-2] dma_config_fir_axi_bram_ctrl_0_0: In IP Integrator, please note that memory depth value gets calculated based on the Data Width of the IP and Address range selected in the Address Editor.Incase a validation error occured on the range of this parameter, please check if the selected Data width and the Address Range are valid. For valid Data width and memory depth values, please refer to the AXI BRAM Controller Product Guide.
INFO: [xilinx.com:ip:axi_bram_ctrl:4.1-1] dma_config_fir_axi_bram_ctrl_0_0: In IP Integrator, The Maximum address range supported is 2G. Selecting the address range more than 2G in the address editor may resets the value of Memory depth to default value (1024). please refer to the AXI BRAM Controller Product Guide.
INFO: [xilinx.com:ip:axi_bram_ctrl:4.1-2] dma_config_fir_axi_bram_ctrl_0_0: In IP Integrator, please note that memory depth value gets calculated based on the Data Width of the IP and Address range selected in the Address Editor.Incase a validation error occured on the range of this parameter, please check if the selected Data width and the Address Range are valid. For valid Data width and memory depth values, please refer to the AXI BRAM Controller Product Guide.
INFO: [xilinx.com:ip:axi_bram_ctrl:4.1-1] dma_config_fir_axi_bram_ctrl_0_0: In IP Integrator, The Maximum address range supported is 2G. Selecting the address range more than 2G in the address editor may resets the value of Memory depth to default value (1024). please refer to the AXI BRAM Controller Product Guide.
open_project: Time (s): cpu = 00:00:42 ; elapsed = 00:00:32 . Memory (MB): peak = 1322.805 ; gain = 487.488
INFO: [IP_Flow 19-5107] Inferred bus interface 'm_axis' of definition 'xilinx.com:interface:axis:1.0' (from Xilinx Repository).
INFO: [IP_Flow 19-5107] Inferred bus interface 's_axis' of definition 'xilinx.com:interface:axis:1.0' (from Xilinx Repository).
INFO: [IP_Flow 19-5107] Inferred bus interface 'aresetn' of definition 'xilinx.com:signal:reset:1.0' (from Xilinx Repository).
INFO: [IP_Flow 19-5107] Inferred bus interface 'aclk' of definition 'xilinx.com:signal:clock:1.0' (from Xilinx Repository).
INFO: [IP_Flow 19-4728] Bus Interface 'aresetn': Added interface parameter 'POLARITY' with value 'ACTIVE_LOW'.
INFO: [IP_Flow 19-4728] Bus Interface 'aclk': Added interface parameter 'ASSOCIATED_BUSIF' with value 'm_axis'.
INFO: [IP_Flow 19-4728] Bus Interface 'aclk': Added interface parameter 'ASSOCIATED_RESET' with value 'aresetn'.
INFO: [IP_Flow 19-234] Refreshing IP repositories
INFO: [IP_Flow 19-1704] No user IP repositories specified
update_compile_order -fileset sources_1
update_compile_order -fileset sources_1
export_ip_user_files -of_objects  [get_files {{D:/FPGA/Vivaldo Project/kr260_experiments/11_dma_config_fir4_coe/11_axis_dma_configurable_fir4_coefficients.gen/sources_1/bd/dma_config_fir/hdl/dma_config_fir_wrapper.v}}] -no_script -reset -force -quiet
remove_files  {{D:/FPGA/Vivaldo Project/kr260_experiments/11_dma_config_fir4_coe/11_axis_dma_configurable_fir4_coefficients.gen/sources_1/bd/dma_config_fir/hdl/dma_config_fir_wrapper.v}}
make_wrapper -files [get_files {{D:/FPGA/Vivaldo Project/kr260_experiments/11_dma_config_fir4_coe/11_dma_config_fir4_coe.srcs/sources_1/bd/dma_config_fir/dma_config_fir.bd}}] -top
WARNING: [BD 41-1282] Ignoring parameter HAS_BURST
WARNING: [BD 41-1281] Parameter HAS_BURST is not defined on /axi_dma_0/M_AXIS_MM2S. Setting parameter on /axi_dma_0/M_AXIS_MM2S failed
INFO: [IP_Flow 19-5107] Inferred bus interface 'm_axis' of definition 'xilinx.com:interface:axis:1.0' (from Xilinx Repository).
INFO: [IP_Flow 19-5107] Inferred bus interface 's_axis' of definition 'xilinx.com:interface:axis:1.0' (from Xilinx Repository).
INFO: [IP_Flow 19-5107] Inferred bus interface 'aresetn' of definition 'xilinx.com:signal:reset:1.0' (from Xilinx Repository).
INFO: [IP_Flow 19-5107] Inferred bus interface 'aclk' of definition 'xilinx.com:signal:clock:1.0' (from Xilinx Repository).
INFO: [IP_Flow 19-4728] Bus Interface 'aresetn': Added interface parameter 'POLARITY' with value 'ACTIVE_LOW'.
INFO: [IP_Flow 19-4728] Bus Interface 'aclk': Added interface parameter 'ASSOCIATED_BUSIF' with value 'm_axis'.
INFO: [IP_Flow 19-4728] Bus Interface 'aclk': Added interface parameter 'ASSOCIATED_RESET' with value 'aresetn'.
INFO: [IP_Flow 19-234] Refreshing IP repositories
INFO: [IP_Flow 19-1704] No user IP repositories specified
INFO: [IP_Flow 19-3420] Updated dma_config_fir_axis_fir4_configurab_0_0 to use current project options
INFO: [PSU-0] Address Range of DDR (0x7ff00000 to 0x7fffffff) is reserved by PMU for internal purpose.
Excluding slave segment /axi_dma_0/S_AXI_LITE/Reg from address space /axi_dma_0/Data_MM2S.
Excluding slave segment /axi_gpio_0/S_AXI/Reg from address space /axi_dma_0/Data_MM2S.
Excluding slave segment /axi_dma_0/S_AXI_LITE/Reg from address space /axi_dma_0/Data_S2MM.
Excluding slave segment /axi_gpio_0/S_AXI/Reg from address space /axi_dma_0/Data_S2MM.
WARNING: [BD 41-1629] Slave segment </axi_gpio_0/S_AXI/Reg> is excluded from all addressing paths.
WARNING: [BD 41-1629] Slave segment </axi_dma_0/S_AXI_LITE/Reg> is excluded from all addressing paths.
CRITICAL WARNING: [BD 41-1356] Slave segment </axi_gpio_0/S_AXI/Reg> is not assigned into address space </zynq_ultra_ps_e_0/Data>. Please use Address Editor to either assign or exclude it.
CRITICAL WARNING: [BD 41-1356] Slave segment </axi_bram_ctrl_0/S_AXI/Mem0> is not assigned into address space </zynq_ultra_ps_e_0/Data>. Please use Address Editor to either assign or exclude it.
CRITICAL WARNING: [BD 41-1356] Slave segment </axi_dma_0/S_AXI_LITE/Reg> is not assigned into address space </zynq_ultra_ps_e_0/Data>. Please use Address Editor to either assign or exclude it.
Excluding slave segment /axi_dma_0/S_AXI_LITE/Reg from address space /axi_dma_0/Data_MM2S.
Excluding slave segment /axi_dma_0/S_AXI_LITE/Reg from address space /axi_dma_0/Data_S2MM.
Excluding slave segment /axi_gpio_0/S_AXI/Reg from address space /axi_dma_0/Data_MM2S.
Excluding slave segment /axi_gpio_0/S_AXI/Reg from address space /axi_dma_0/Data_S2MM.
Excluding slave segment /axi_dma_0/S_AXI_LITE/Reg from address space /axi_dma_0/Data_MM2S.
Excluding slave segment /axi_dma_0/S_AXI_LITE/Reg from address space /axi_dma_0/Data_S2MM.
INFO: [xilinx.com:ip:smartconnect:1.0-1] dma_config_fir_smartconnect_0_0: SmartConnect dma_config_fir_smartconnect_0_0 is in High-performance Mode.
INFO: [Ipptcl 7-1463] No Compatible Board Interface found. Board Tab not created in customize GUI
Excluding slave segment /axi_dma_0/S_AXI_LITE/Reg from address space /axi_dma_0/Data_MM2S.
Excluding slave segment /axi_dma_0/S_AXI_LITE/Reg from address space /axi_dma_0/Data_S2MM.
WARNING: [BD 41-237] Bus Interface property AWUSER_WIDTH does not match between /axi_bram_ctrl_0/S_AXI(0) and /smartconnect_0/M00_AXI(16)
WARNING: [BD 41-237] Bus Interface property ARUSER_WIDTH does not match between /axi_bram_ctrl_0/S_AXI(0) and /smartconnect_0/M00_AXI(16)
Wrote  : <D:\FPGA\Vivaldo Project\kr260_experiments\11_dma_config_fir4_coe\11_dma_config_fir4_coe.srcs\sources_1\bd\dma_config_fir\dma_config_fir.bd> 
WARNING: [BD 41-2384] Width mismatch when connecting pin: '/blk_mem_gen_0/addra'(32) to pin: '/axi_bram_ctrl_0/bram_addr_a'(16) - Only lower order bits will be connected.
Verilog Output written to : d:/FPGA/Vivaldo Project/kr260_experiments/11_dma_config_fir4_coe/11_axis_dma_configurable_fir4_coefficients.gen/sources_1/bd/dma_config_fir/synth/dma_config_fir.v
WARNING: [BD 41-2384] Width mismatch when connecting pin: '/blk_mem_gen_0/addra'(32) to pin: '/axi_bram_ctrl_0/bram_addr_a'(16) - Only lower order bits will be connected.
Verilog Output written to : d:/FPGA/Vivaldo Project/kr260_experiments/11_dma_config_fir4_coe/11_axis_dma_configurable_fir4_coefficients.gen/sources_1/bd/dma_config_fir/sim/dma_config_fir.v
Verilog Output written to : d:/FPGA/Vivaldo Project/kr260_experiments/11_dma_config_fir4_coe/11_axis_dma_configurable_fir4_coefficients.gen/sources_1/bd/dma_config_fir/hdl/dma_config_fir_wrapper.v
make_wrapper: Time (s): cpu = 00:00:20 ; elapsed = 00:00:18 . Memory (MB): peak = 1693.844 ; gain = 345.027
add_files -norecurse {{d:/FPGA/Vivaldo Project/kr260_experiments/11_dma_config_fir4_coe/11_axis_dma_configurable_fir4_coefficients.gen/sources_1/bd/dma_config_fir/hdl/dma_config_fir_wrapper.v}}
update_compile_order -fileset sources_1
update_compile_order -fileset sources_1
launch_runs impl_1 -to_step write_bitstream -jobs 8
Excluding slave segment /axi_dma_0/S_AXI_LITE/Reg from address space /axi_dma_0/Data_MM2S.
Excluding slave segment /axi_gpio_0/S_AXI/Reg from address space /axi_dma_0/Data_MM2S.
Excluding slave segment /axi_dma_0/S_AXI_LITE/Reg from address space /axi_dma_0/Data_S2MM.
Excluding slave segment /axi_gpio_0/S_AXI/Reg from address space /axi_dma_0/Data_S2MM.
INFO: [BD 41-1662] The design 'dma_config_fir.bd' is already validated. Therefore parameter propagation will not be re-run.
WARNING: [BD 41-2384] Width mismatch when connecting pin: '/blk_mem_gen_0/addra'(32) to pin: '/axi_bram_ctrl_0/bram_addr_a'(16) - Only lower order bits will be connected.
Verilog Output written to : d:/FPGA/Vivaldo Project/kr260_experiments/11_dma_config_fir4_coe/11_axis_dma_configurable_fir4_coefficients.gen/sources_1/bd/dma_config_fir/synth/dma_config_fir.v
WARNING: [BD 41-2384] Width mismatch when connecting pin: '/blk_mem_gen_0/addra'(32) to pin: '/axi_bram_ctrl_0/bram_addr_a'(16) - Only lower order bits will be connected.
Verilog Output written to : d:/FPGA/Vivaldo Project/kr260_experiments/11_dma_config_fir4_coe/11_axis_dma_configurable_fir4_coefficients.gen/sources_1/bd/dma_config_fir/sim/dma_config_fir.v
Verilog Output written to : d:/FPGA/Vivaldo Project/kr260_experiments/11_dma_config_fir4_coe/11_axis_dma_configurable_fir4_coefficients.gen/sources_1/bd/dma_config_fir/hdl/dma_config_fir_wrapper.v
INFO: [BD 41-1029] Generation completed for the IP Integrator block axi_bram_ctrl_0 .
INFO: [BD 41-1029] Generation completed for the IP Integrator block axi_dma_0 .
INFO: [BD 41-1029] Generation completed for the IP Integrator block axi_gpio_0 .
INFO: [BD 41-1029] Generation completed for the IP Integrator block axis_fir4_configurab_0 .
INFO: [BD 41-1029] Generation completed for the IP Integrator block blk_mem_gen_0 .
INFO: [BD 41-1029] Generation completed for the IP Integrator block proc_sys_reset_0 .
Exporting to file d:/FPGA/Vivaldo Project/kr260_experiments/11_dma_config_fir4_coe/11_axis_dma_configurable_fir4_coefficients.gen/sources_1/bd/dma_config_fir/ip/dma_config_fir_smartconnect_0_0/bd_0/hw_handoff/dma_config_fir_smartconnect_0_0.hwh
Generated Hardware Definition File d:/FPGA/Vivaldo Project/kr260_experiments/11_dma_config_fir4_coe/11_axis_dma_configurable_fir4_coefficients.gen/sources_1/bd/dma_config_fir/ip/dma_config_fir_smartconnect_0_0/bd_0/synth/dma_config_fir_smartconnect_0_0.hwdef
INFO: [BD 41-1029] Generation completed for the IP Integrator block smartconnect_0 .
INFO: [xilinx.com:ip:zynq_ultra_ps_e:3.4-0] dma_config_fir_zynq_ultra_ps_e_0_0: 
Changes in your design (including the PCW configuration settings) are not automatically exported from Vivado to Xilinx's SDK, Petalinux or Yocto.
This is by design to avoid disrupting existing embedded development efforts. To have any changes of your design taking effect in the embedded software flow please export your
design by going through Vivado's main menu, click on File, then Export finally select Export Hardware, please ensure you click on the Include BitStream option.
The auto-generated HDF file is all you need to import in Xilinx's SDK, Petalinux or Yocto for your changes to be reflected in the Embedded Software Flow.
For more information, please consult PG201, section: Exporting PCW Settings to Embedded Software Flows
INFO: [PSU-0] Address Range of DDR (0x7ff00000 to 0x7fffffff) is reserved by PMU for internal purpose.
INFO: [IP_Flow 19-5611] Unable to find an associated reset port for the interface 'M_AXI_HPM0_FPD'. A default connection has been created.
INFO: [BD 41-1029] Generation completed for the IP Integrator block zynq_ultra_ps_e_0 .
Exporting to file d:/FPGA/Vivaldo Project/kr260_experiments/11_dma_config_fir4_coe/11_axis_dma_configurable_fir4_coefficients.gen/sources_1/bd/dma_config_fir/hw_handoff/dma_config_fir.hwh
Generated Hardware Definition File d:/FPGA/Vivaldo Project/kr260_experiments/11_dma_config_fir4_coe/11_axis_dma_configurable_fir4_coefficients.gen/sources_1/bd/dma_config_fir/synth/dma_config_fir.hwdef
INFO: [IP_Flow 19-6930] IPCACHE: runCacheChecks() number of threads = 8
INFO: [IP_Flow 19-6921] IPCACHE: Adding cache check func to thread queue for IP dma_config_fir_axi_bram_ctrl_0_0
INFO: [IP_Flow 19-6921] IPCACHE: Adding cache check func to thread queue for IP dma_config_fir_axi_dma_0_0
INFO: [IP_Flow 19-6921] IPCACHE: Adding cache check func to thread queue for IP dma_config_fir_axi_gpio_0_0
INFO: [IP_Flow 19-6921] IPCACHE: Adding cache check func to thread queue for IP dma_config_fir_axis_fir4_configurab_0_0
INFO: [IP_Flow 19-6921] IPCACHE: Adding cache check func to thread queue for IP dma_config_fir_blk_mem_gen_0_0
INFO: [IP_Flow 19-6921] IPCACHE: Adding cache check func to thread queue for IP dma_config_fir_proc_sys_reset_0_0
INFO: [IP_Flow 19-6921] IPCACHE: Adding cache check func to thread queue for IP dma_config_fir_smartconnect_0_0
INFO: [IP_Flow 19-6921] IPCACHE: Adding cache check func to thread queue for IP dma_config_fir_zynq_ultra_ps_e_0_0
INFO: [IP_Flow 19-8020] IPCACHE: runCacheChecks() calling threadPool finishWork()
INFO: [IP_Flow 19-6924] IPCACHE: Running cache check for IP inst: dma_config_fir_axi_bram_ctrl_0_0
INFO: [IP_Flow 19-6924] IPCACHE: Running cache check for IP inst: dma_config_fir_axi_dma_0_0
INFO: [IP_Flow 19-6924] IPCACHE: Running cache check for IP inst: dma_config_fir_axi_gpio_0_0
INFO: [IP_Flow 19-6924] IPCACHE: Running cache check for IP inst: dma_config_fir_axis_fir4_configurab_0_0
INFO: [IP_Flow 19-6924] IPCACHE: Running cache check for IP inst: dma_config_fir_blk_mem_gen_0_0
INFO: [IP_Flow 19-6924] IPCACHE: Running cache check for IP inst: dma_config_fir_proc_sys_reset_0_0
INFO: [IP_Flow 19-6924] IPCACHE: Running cache check for IP inst: dma_config_fir_smartconnect_0_0
INFO: [IP_Flow 19-6924] IPCACHE: Running cache check for IP inst: dma_config_fir_zynq_ultra_ps_e_0_0
[Thu May 21 16:45:44 2026] Launched dma_config_fir_smartconnect_0_0_synth_1, dma_config_fir_axi_dma_0_0_synth_1, dma_config_fir_axi_bram_ctrl_0_0_synth_1, dma_config_fir_axi_gpio_0_0_synth_1, dma_config_fir_axis_fir4_configurab_0_0_synth_1, dma_config_fir_blk_mem_gen_0_0_synth_1, dma_config_fir_proc_sys_reset_0_0_synth_1, dma_config_fir_zynq_ultra_ps_e_0_0_synth_1, synth_1...
Run output will be captured here:
dma_config_fir_smartconnect_0_0_synth_1: D:/FPGA/Vivaldo Project/kr260_experiments/11_dma_config_fir4_coe/11_dma_config_fir4_coe.runs/dma_config_fir_smartconnect_0_0_synth_1/runme.log
dma_config_fir_axi_dma_0_0_synth_1: D:/FPGA/Vivaldo Project/kr260_experiments/11_dma_config_fir4_coe/11_dma_config_fir4_coe.runs/dma_config_fir_axi_dma_0_0_synth_1/runme.log
dma_config_fir_axi_bram_ctrl_0_0_synth_1: D:/FPGA/Vivaldo Project/kr260_experiments/11_dma_config_fir4_coe/11_dma_config_fir4_coe.runs/dma_config_fir_axi_bram_ctrl_0_0_synth_1/runme.log
dma_config_fir_axi_gpio_0_0_synth_1: D:/FPGA/Vivaldo Project/kr260_experiments/11_dma_config_fir4_coe/11_dma_config_fir4_coe.runs/dma_config_fir_axi_gpio_0_0_synth_1/runme.log
dma_config_fir_axis_fir4_configurab_0_0_synth_1: D:/FPGA/Vivaldo Project/kr260_experiments/11_dma_config_fir4_coe/11_dma_config_fir4_coe.runs/dma_config_fir_axis_fir4_configurab_0_0_synth_1/runme.log
dma_config_fir_blk_mem_gen_0_0_synth_1: D:/FPGA/Vivaldo Project/kr260_experiments/11_dma_config_fir4_coe/11_dma_config_fir4_coe.runs/dma_config_fir_blk_mem_gen_0_0_synth_1/runme.log
dma_config_fir_proc_sys_reset_0_0_synth_1: D:/FPGA/Vivaldo Project/kr260_experiments/11_dma_config_fir4_coe/11_dma_config_fir4_coe.runs/dma_config_fir_proc_sys_reset_0_0_synth_1/runme.log
dma_config_fir_zynq_ultra_ps_e_0_0_synth_1: D:/FPGA/Vivaldo Project/kr260_experiments/11_dma_config_fir4_coe/11_dma_config_fir4_coe.runs/dma_config_fir_zynq_ultra_ps_e_0_0_synth_1/runme.log
synth_1: D:/FPGA/Vivaldo Project/kr260_experiments/11_dma_config_fir4_coe/11_dma_config_fir4_coe.runs/synth_1/runme.log
[Thu May 21 16:45:45 2026] Launched impl_1...
Run output will be captured here: D:/FPGA/Vivaldo Project/kr260_experiments/11_dma_config_fir4_coe/11_dma_config_fir4_coe.runs/impl_1/runme.log
launch_runs: Time (s): cpu = 00:00:39 ; elapsed = 00:00:48 . Memory (MB): peak = 1785.039 ; gain = 43.852
open_bd_design {D:/FPGA/Vivaldo Project/kr260_experiments/11_dma_config_fir4_coe/11_dma_config_fir4_coe.srcs/sources_1/bd/dma_config_fir/dma_config_fir.bd}
Reading block design file <D:/FPGA/Vivaldo Project/kr260_experiments/11_dma_config_fir4_coe/11_dma_config_fir4_coe.srcs/sources_1/bd/dma_config_fir/dma_config_fir.bd>...
Adding component instance block -- xilinx.com:ip:axi_bram_ctrl:4.1 - axi_bram_ctrl_0
Adding component instance block -- xilinx.com:ip:axi_dma:7.1 - axi_dma_0
Adding component instance block -- xilinx.com:ip:axi_gpio:2.0 - axi_gpio_0
Adding component instance block -- xilinx.com:module_ref:axis_fir4_configurable:1.0 - axis_fir4_configurab_0
Adding component instance block -- xilinx.com:ip:blk_mem_gen:8.4 - blk_mem_gen_0
Adding component instance block -- xilinx.com:ip:proc_sys_reset:5.0 - proc_sys_reset_0
Adding component instance block -- xilinx.com:ip:smartconnect:1.0 - smartconnect_0
Adding component instance block -- xilinx.com:ip:zynq_ultra_ps_e:3.4 - zynq_ultra_ps_e_0
Excluding slave segment /axi_dma_0/S_AXI_LITE/Reg from address space /axi_dma_0/Data_MM2S.
Excluding slave segment /axi_gpio_0/S_AXI/Reg from address space /axi_dma_0/Data_MM2S.
Excluding slave segment /axi_dma_0/S_AXI_LITE/Reg from address space /axi_dma_0/Data_S2MM.
Excluding slave segment /axi_gpio_0/S_AXI/Reg from address space /axi_dma_0/Data_S2MM.
Successfully read diagram <dma_config_fir> from block design file <D:/FPGA/Vivaldo Project/kr260_experiments/11_dma_config_fir4_coe/11_dma_config_fir4_coe.srcs/sources_1/bd/dma_config_fir/dma_config_fir.bd>
open_bd_design: Time (s): cpu = 00:00:06 ; elapsed = 00:00:05 . Memory (MB): peak = 1785.039 ; gain = 0.000
regenerate_bd_layout
assign_bd_address
Slave segment '/axi_bram_ctrl_0/S_AXI/Mem0' is being assigned into address space '/zynq_ultra_ps_e_0/Data' at <0xA002_0000 [ 64K ]>.
Slave segment '/axi_dma_0/S_AXI_LITE/Reg' is being assigned into address space '/zynq_ultra_ps_e_0/Data' at <0xA004_0000 [ 64K ]>.
Slave segment '/axi_gpio_0/S_AXI/Reg' is being assigned into address space '/zynq_ultra_ps_e_0/Data' at <0xA006_0000 [ 64K ]>.
validate_bd_design
Excluding slave segment /axi_dma_0/S_AXI_LITE/Reg from address space /axi_dma_0/Data_MM2S.
Excluding slave segment /axi_dma_0/S_AXI_LITE/Reg from address space /axi_dma_0/Data_S2MM.
Excluding slave segment /axi_gpio_0/S_AXI/Reg from address space /axi_dma_0/Data_MM2S.
Excluding slave segment /axi_gpio_0/S_AXI/Reg from address space /axi_dma_0/Data_S2MM.
INFO: [xilinx.com:ip:smartconnect:1.0-1] dma_config_fir_smartconnect_0_0: SmartConnect dma_config_fir_smartconnect_0_0 is in High-performance Mode.
INFO: [Ipptcl 7-1463] No Compatible Board Interface found. Board Tab not created in customize GUI
WARNING: [BD 41-237] Bus Interface property AWUSER_WIDTH does not match between /axi_bram_ctrl_0/S_AXI(0) and /smartconnect_0/M00_AXI(16)
WARNING: [BD 41-237] Bus Interface property ARUSER_WIDTH does not match between /axi_bram_ctrl_0/S_AXI(0) and /smartconnect_0/M00_AXI(16)
validate_bd_design: Time (s): cpu = 00:00:07 ; elapsed = 00:00:06 . Memory (MB): peak = 1935.258 ; gain = 0.168
open_bd_design {D:/FPGA/Vivaldo Project/kr260_experiments/11_dma_config_fir4_coe/11_dma_config_fir4_coe.srcs/sources_1/bd/dma_config_fir/dma_config_fir.bd}
save_bd_design
Wrote  : <D:\FPGA\Vivaldo Project\kr260_experiments\11_dma_config_fir4_coe\11_dma_config_fir4_coe.srcs\sources_1\bd\dma_config_fir\dma_config_fir.bd> 
Wrote  : <D:/FPGA/Vivaldo Project/kr260_experiments/11_dma_config_fir4_coe/11_dma_config_fir4_coe.srcs/sources_1/bd/dma_config_fir/ui/bd_85912d99.ui> 
reset_run synth_1
reset_run dma_config_fir_axi_gpio_0_0_synth_1
reset_run dma_config_fir_zynq_ultra_ps_e_0_0_synth_1
reset_run dma_config_fir_smartconnect_0_0_synth_1
launch_runs impl_1 -to_step write_bitstream -jobs 8
INFO: [BD 41-1662] The design 'dma_config_fir.bd' is already validated. Therefore parameter propagation will not be re-run.
WARNING: [BD 41-2384] Width mismatch when connecting pin: '/blk_mem_gen_0/addra'(32) to pin: '/axi_bram_ctrl_0/bram_addr_a'(16) - Only lower order bits will be connected.
Verilog Output written to : d:/FPGA/Vivaldo Project/kr260_experiments/11_dma_config_fir4_coe/11_axis_dma_configurable_fir4_coefficients.gen/sources_1/bd/dma_config_fir/synth/dma_config_fir.v
WARNING: [BD 41-2384] Width mismatch when connecting pin: '/blk_mem_gen_0/addra'(32) to pin: '/axi_bram_ctrl_0/bram_addr_a'(16) - Only lower order bits will be connected.
Verilog Output written to : d:/FPGA/Vivaldo Project/kr260_experiments/11_dma_config_fir4_coe/11_axis_dma_configurable_fir4_coefficients.gen/sources_1/bd/dma_config_fir/sim/dma_config_fir.v
Verilog Output written to : d:/FPGA/Vivaldo Project/kr260_experiments/11_dma_config_fir4_coe/11_axis_dma_configurable_fir4_coefficients.gen/sources_1/bd/dma_config_fir/hdl/dma_config_fir_wrapper.v
Exporting to file d:/FPGA/Vivaldo Project/kr260_experiments/11_dma_config_fir4_coe/11_axis_dma_configurable_fir4_coefficients.gen/sources_1/bd/dma_config_fir/ip/dma_config_fir_smartconnect_0_0/bd_0/hw_handoff/dma_config_fir_smartconnect_0_0.hwh
Generated Hardware Definition File d:/FPGA/Vivaldo Project/kr260_experiments/11_dma_config_fir4_coe/11_axis_dma_configurable_fir4_coefficients.gen/sources_1/bd/dma_config_fir/ip/dma_config_fir_smartconnect_0_0/bd_0/synth/dma_config_fir_smartconnect_0_0.hwdef
INFO: [BD 41-1029] Generation completed for the IP Integrator block smartconnect_0 .
Exporting to file d:/FPGA/Vivaldo Project/kr260_experiments/11_dma_config_fir4_coe/11_axis_dma_configurable_fir4_coefficients.gen/sources_1/bd/dma_config_fir/hw_handoff/dma_config_fir.hwh
Generated Hardware Definition File d:/FPGA/Vivaldo Project/kr260_experiments/11_dma_config_fir4_coe/11_axis_dma_configurable_fir4_coefficients.gen/sources_1/bd/dma_config_fir/synth/dma_config_fir.hwdef
INFO: [IP_Flow 19-6930] IPCACHE: runCacheChecks() number of threads = 8
INFO: [IP_Flow 19-6921] IPCACHE: Adding cache check func to thread queue for IP dma_config_fir_axi_gpio_0_0
INFO: [IP_Flow 19-6921] IPCACHE: Adding cache check func to thread queue for IP dma_config_fir_smartconnect_0_0
INFO: [IP_Flow 19-6921] IPCACHE: Adding cache check func to thread queue for IP dma_config_fir_zynq_ultra_ps_e_0_0
INFO: [IP_Flow 19-8020] IPCACHE: runCacheChecks() calling threadPool finishWork()
INFO: [IP_Flow 19-6924] IPCACHE: Running cache check for IP inst: dma_config_fir_axi_gpio_0_0
INFO: [IP_Flow 19-6924] IPCACHE: Running cache check for IP inst: dma_config_fir_smartconnect_0_0
INFO: [IP_Flow 19-6924] IPCACHE: Running cache check for IP inst: dma_config_fir_zynq_ultra_ps_e_0_0
[Thu May 21 16:56:52 2026] Launched dma_config_fir_smartconnect_0_0_synth_1, dma_config_fir_axi_gpio_0_0_synth_1, dma_config_fir_zynq_ultra_ps_e_0_0_synth_1, synth_1...
Run output will be captured here:
dma_config_fir_smartconnect_0_0_synth_1: D:/FPGA/Vivaldo Project/kr260_experiments/11_dma_config_fir4_coe/11_dma_config_fir4_coe.runs/dma_config_fir_smartconnect_0_0_synth_1/runme.log
dma_config_fir_axi_gpio_0_0_synth_1: D:/FPGA/Vivaldo Project/kr260_experiments/11_dma_config_fir4_coe/11_dma_config_fir4_coe.runs/dma_config_fir_axi_gpio_0_0_synth_1/runme.log
dma_config_fir_zynq_ultra_ps_e_0_0_synth_1: D:/FPGA/Vivaldo Project/kr260_experiments/11_dma_config_fir4_coe/11_dma_config_fir4_coe.runs/dma_config_fir_zynq_ultra_ps_e_0_0_synth_1/runme.log
synth_1: D:/FPGA/Vivaldo Project/kr260_experiments/11_dma_config_fir4_coe/11_dma_config_fir4_coe.runs/synth_1/runme.log
[Thu May 21 16:56:52 2026] Launched impl_1...
Run output will be captured here: D:/FPGA/Vivaldo Project/kr260_experiments/11_dma_config_fir4_coe/11_dma_config_fir4_coe.runs/impl_1/runme.log
launch_runs: Time (s): cpu = 00:00:10 ; elapsed = 00:00:16 . Memory (MB): peak = 2023.062 ; gain = 25.715
open_bd_design {D:/FPGA/Vivaldo Project/kr260_experiments/11_dma_config_fir4_coe/11_dma_config_fir4_coe.srcs/sources_1/bd/dma_config_fir/dma_config_fir.bd}
INFO: [Ipptcl 7-1463] No Compatible Board Interface found. Board Tab not created in customize GUI
